
[ladmin@lab63102 TOOLS]$ 
[ladmin@lab63102 TOOLS]$ 
[ladmin@lab63102 TOOLS]$ cd /home/ATC/repo/GHGU/COM/TOOLS/
[ladmin@lab63102 TOOLS]$ ./octopus STDIO 135.249.24.250:udp:23
shell

Password: 
T&D console USR0 login.

{nt1101}[USR0-shell]>gpon
{nt1101}[USR0-shell]gpon>ONT getCfg 1104 0 0
ont cmd: getCfg is found at 0
Ont 1-1-4-0-0
------------
	adminState: up
	trapEnable: on
	SerialNumber: ALCLfa453c41
	ontGBatteryBackup: 0
	ontReboot: 0
	plannedVersion: 3FE47037HJKK58
	downloadVersion: DISABLED
	plannedVariant: 
	provVersion: *
	cfgFile1PlannedVersion: DISABLED
	cfgFile1DownloadVersion: DISABLED
	cfgFile2PlannedVersion: DISABLED
	cfgFile2DownloadVersion: DISABLED
	berInterval: 8000
	Slid: WILDCARD
	upstreamFecInd: 0
	mibDataSync: 180
	pwrShedProfileIdx: 0
	ontEnableDisable: 0
	ontCraftEnableInd     = 1 - ONT Craft Disabled
	subscriberData1:  
	subscriberData2:  
	tcaMeId: 0
	lowerOpticalThreshold = 1 => internal Ont Policy
	upperOpticalThreshold = 1 => internal Ont Policy
	ontSideAggGemPmCollectInd     = 1 - PM collection enabled
	oltSideAOAggGemPmCollectInd   = 1 - PM collection enabled
	oltSideODAggGemPmCollectInd   = 2 - PM collection disabled
	ontSideOSPmCollectInd   = 2 - PM collection disabled
	ontSideMcastGemPmCollectInd     = 2 - PM collection disabled
	ontSideCPUPmCollectInd     = 2 - PM collection disabled
	ontSideMemPmCollectInd     = 2 - PM collection disabled
	optSupPMcollectSlot: 0
	videoRfFilter: 2
	rangedBeforeCounter: 0
	slidCapability: 0
	dpboProfNbr: 0
	usPoliceMode: 0
	usTcPoliceMode: 0
	usRateLimitDhcp: 10
	usRateLimitArp: 10
	aesEnableInd: 0
	voipCapability: 0
	ontSideFecPmCollectInd: 2
	timeStamp: 0
	loidAuthid:  
	loidAuthpassword:  
	vlanTranslateMode: 0
	dscp2pbitAlignmentOltMode: DISABLE
	bridgeMapMode: 5
	iphcMode: 0
	ontSidePonAggEtherPmCollectInd: 2
	handshakeAct: 0
	selfTest: 0
	ontSessionClientIpAddr 0.0.0.0
	actNumSlots: 2
	aniGTotalTcontNumber: 32
	ontSessionTcpPort: 0
	loidAuthOperatorId: 
	ontGenericV2ForceDataStorageCommand: 0
	ontGenericV2IgmpSnoopEnable: 1
	ontGenericV2StaticMulticastVlanTranslationIndicator: 0
	ontGenericV2EthernetPortToPortTrafficEnableIndicator: 0
	ontGenericV2SlidCapability: 0
	ontGenericV2YpSerialNumber: YP173806AC0
	ont2GEquipmentId:      00000G120GE
	ont2GTotalTrafficSchedulerNumber: 32
	ont2GTotalPriorityQueueNumber: 256
	ont2GVendorProductCode: 12339
	ontGenericVersion: 3FE46953AAAA01
	ontGenericVendorId: 1095517004
	onuCapabilityCtcSpecVersion: 255
	onuCapabilityOnuType: 1
	onuCapabilityOnuTxPowerSupplyControl: 2
	OntSnBundleCtrl:: 0 
	OntSnBundleStatus:: 0 
	xGponOltFecPmEnable:: 2 - Pm collection Disabled
	xGponOltPhyPmEnable:: 2 - Pm collection Disabled
	xGponOltXgTcPmEnable:: 2 - Pm collection Disabled
	xGponOntXgTcPmEnable:: 2 - Pm collection Disabled
	OnuId: 65535
	onuPlannedUsRate: 0
	onuActualUsRate: 3
prefCP value can have a valid value when the NGPON2-ONT was configured in pre-isr5401 release.  This field is deprecated from isr5401.
	prefCP: 0-0-0-0  not valid 
	  For NGPON2 ONTs please check ontMobility-table using eqptcf dumpTable ontMobility

rogue ONU prevention settings:
	 TSSI alm mode  : [enable]
	 poll interval  : [20]
	 poll count     : [150]
	 disTx time-len : [unspecified]
	 ontUpEncryptMode: 0
	 ontOmccEncryptMode: 0
------------

	 OntFaults     = 1  
{nt1101}[USR0-shell]gpon>ONT ontSessionClientIpAddr 135 249 63 102
ont cmd: ontSessionClientIpAddr is found at 66
{nt1101}[USR0-shell]gpon>ONT setCfg 1104 0 0
ont cmd: setCfg is found at 64
Ont 1-1-4-0-0
{nt1101}[USR0-shell]gpon>ONT getCfg 1104 0 0
ont cmd: getCfg is found at 0
Ont 1-1-4-0-0
------------
	adminState: up
	trapEnable: on
	SerialNumber: ALCLfa453c41
	ontGBatteryBackup: 0
	ontReboot: 0
	plannedVersion: 3FE47037HJKK58
	downloadVersion: DISABLED
	plannedVariant: 
	provVersion: *
	cfgFile1PlannedVersion: DISABLED
	cfgFile1DownloadVersion: DISABLED
	cfgFile2PlannedVersion: DISABLED
	cfgFile2DownloadVersion: DISABLED
	berInterval: 8000
	Slid: WILDCARD
	upstreamFecInd: 0
	mibDataSync: 180
	pwrShedProfileIdx: 0
	ontEnableDisable: 0
	ontCraftEnableInd     = 1 - ONT Craft Disabled
	subscriberData1:  
	subscriberData2:  
	tcaMeId: 0
	lowerOpticalThreshold = 1 => internal Ont Policy
	upperOpticalThreshold = 1 => internal Ont Policy
	ontSideAggGemPmCollectInd     = 1 - PM collection enabled
	oltSideAOAggGemPmCollectInd   = 1 - PM collection enabled
	oltSideODAggGemPmCollectInd   = 2 - PM collection disabled
	ontSideOSPmCollectInd   = 2 - PM collection disabled
	ontSideMcastGemPmCollectInd     = 2 - PM collection disabled
	ontSideCPUPmCollectInd     = 2 - PM collection disabled
	ontSideMemPmCollectInd     = 2 - PM collection disabled
	optSupPMcollectSlot: 0
	videoRfFilter: 2
	rangedBeforeCounter: 0
	slidCapability: 0
	dpboProfNbr: 0
	usPoliceMode: 0
	usTcPoliceMode: 0
	usRateLimitDhcp: 10
	usRateLimitArp: 10
	aesEnableInd: 0
	voipCapability: 0
	ontSideFecPmCollectInd: 2
	timeStamp: 0
	loidAuthid:  
	loidAuthpassword:  
	vlanTranslateMode: 0
	dscp2pbitAlignmentOltMode: DISABLE
	bridgeMapMode: 5
	iphcMode: 0
	ontSidePonAggEtherPmCollectInd: 2
	handshakeAct: 0
	selfTest: 0
	ontSessionClientIpAddr 135.249.63.102
	actNumSlots: 2
	aniGTotalTcontNumber: 32
	ontSessionTcpPort: 50024
	loidAuthOperatorId: 
	ontGenericV2ForceDataStorageCommand: 0
	ontGenericV2IgmpSnoopEnable: 1
	ontGenericV2StaticMulticastVlanTranslationIndicator: 0
	ontGenericV2EthernetPortToPortTrafficEnableIndicator: 0
	ontGenericV2SlidCapability: 0
	ontGenericV2YpSerialNumber: YP173806AC0
	ont2GEquipmentId:      00000G120GE
	ont2GTotalTrafficSchedulerNumber: 32
	ont2GTotalPriorityQueueNumber: 256
	ont2GVendorProductCode: 12339
	ontGenericVersion: 3FE46953AAAA01
	ontGenericVendorId: 1095517004
	onuCapabilityCtcSpecVersion: 255
	onuCapabilityOnuType: 1
	onuCapabilityOnuTxPowerSupplyControl: 2
	OntSnBundleCtrl:: 0 
	OntSnBundleStatus:: 0 
	xGponOltFecPmEnable:: 2 - Pm collection Disabled
	xGponOltPhyPmEnable:: 2 - Pm collection Disabled
	xGponOltXgTcPmEnable:: 2 - Pm collection Disabled
	xGponOntXgTcPmEnable:: 2 - Pm collection Disabled
	OnuId: 65535
	onuPlannedUsRate: 0
	onuActualUsRate: 3
prefCP value can have a valid value when the NGPON2-ONT was configured in pre-isr5401 release.  This field is deprecated from isr5401.
	prefCP: 0-0-0-0  not valid 
	  For NGPON2 ONTs please check ontMobility-table using eqptcf dumpTable ontMobility

rogue ONU prevention settings:
	 TSSI alm mode  : [enable]
	 poll interval  : [20]
	 poll count     : [150]
	 disTx time-len : [unspecified]
	 ontUpEncryptMode: 0
	 ontOmccEncryptMode: 0
------------

	 OntFaults     = 1  
{nt1101}[USR0-shell]gpon>ONT getCfg 1104 0 1
ont cmd: getCfg is found at 0
Ont 1-1-4-0-1
------------
	adminState: up
	trapEnable: on
	SerialNumber: ALCLfa702932
	ontGBatteryBackup: 0
	ontReboot: 0
	plannedVersion: 3FE47150HJKK58
	downloadVersion: disabled
	plannedVariant: 
	provVersion: *
	cfgFile1PlannedVersion: DISABLED
	cfgFile1DownloadVersion: DISABLED
	cfgFile2PlannedVersion: DISABLED
	cfgFile2DownloadVersion: DISABLED
	berInterval: 8000
	Slid: WILDCARD
	upstreamFecInd: 0
	mibDataSync: 119
	pwrShedProfileIdx: 0
	ontEnableDisable: 0
	ontCraftEnableInd     = 1 - ONT Craft Disabled
	subscriberData1:  
	subscriberData2:  
	tcaMeId: 0
	lowerOpticalThreshold = 1 => internal Ont Policy
	upperOpticalThreshold = 1 => internal Ont Policy
	ontSideAggGemPmCollectInd     = 1 - PM collection enabled
	oltSideAOAggGemPmCollectInd   = 1 - PM collection enabled
	oltSideODAggGemPmCollectInd   = 2 - PM collection disabled
	ontSideOSPmCollectInd   = 2 - PM collection disabled
	ontSideMcastGemPmCollectInd     = 2 - PM collection disabled
	ontSideCPUPmCollectInd     = 2 - PM collection disabled
	ontSideMemPmCollectInd     = 2 - PM collection disabled
	optSupPMcollectSlot: 0
	videoRfFilter: 2
	rangedBeforeCounter: 0
	slidCapability: 0
	dpboProfNbr: 0
	usPoliceMode: 0
	usTcPoliceMode: 0
	usRateLimitDhcp: 10
	usRateLimitArp: 10
	aesEnableInd: 0
	voipCapability: 0
	ontSideFecPmCollectInd: 2
	timeStamp: 0
	loidAuthid:  
	loidAuthpassword:  ******
	vlanTranslateMode: 0
	dscp2pbitAlignmentOltMode: DISABLE
	bridgeMapMode: 5
	iphcMode: 0
	ontSidePonAggEtherPmCollectInd: 2
	handshakeAct: 0
	selfTest: 0
	ontSessionClientIpAddr 0.0.0.0
	actNumSlots: 2
	aniGTotalTcontNumber: 32
	ontSessionTcpPort: 0
	loidAuthOperatorId: 
	ontGenericV2ForceDataStorageCommand: 0
	ontGenericV2IgmpSnoopEnable: 1
	ontGenericV2StaticMulticastVlanTranslationIndicator: 0
	ontGenericV2EthernetPortToPortTrafficEnableIndicator: 0
	ontGenericV2SlidCapability: 0
	ontGenericV2YpSerialNumber: ALCLFA702932
	ont2GEquipmentId:      00000G140WF
	ont2GTotalTrafficSchedulerNumber: 32
	ont2GTotalPriorityQueueNumber: 256
	ont2GVendorProductCode: 12598
	ontGenericVersion: 3FE47779AAAA01
	ontGenericVendorId: 1095517004
	onuCapabilityCtcSpecVersion: 255
	onuCapabilityOnuType: 1
	onuCapabilityOnuTxPowerSupplyControl: 2
	OntSnBundleCtrl:: 0 
	OntSnBundleStatus:: 0 
	xGponOltFecPmEnable:: 2 - Pm collection Disabled
	xGponOltPhyPmEnable:: 2 - Pm collection Disabled
	xGponOltXgTcPmEnable:: 2 - Pm collection Disabled
	xGponOntXgTcPmEnable:: 2 - Pm collection Disabled
	OnuId: 65535
	onuPlannedUsRate: 0
	onuActualUsRate: 3
prefCP value can have a valid value when the NGPON2-ONT was configured in pre-isr5401 release.  This field is deprecated from isr5401.
	prefCP: 0-0-0-0  not valid 
	  For NGPON2 ONTs please check ontMobility-table using eqptcf dumpTable ontMobility

rogue ONU prevention settings:
	 TSSI alm mode  : [enable]
	 poll interval  : [20]
	 poll count     : [150]
	 disTx time-len : [unspecified]
	 ontUpEncryptMode: 0
	 ontOmccEncryptMode: 0
------------

	 OntFaults     = 1  
{nt1101}[USR0-shell]gpon>ONT ontSessionClientIpAddr 135 249 63 102
ont cmd: ontSessionClientIpAddr is found at 66
{nt1101}[USR0-shell]gpon>ONT setCfg 1104 0 1
ont cmd: setCfg is found at 64
Ont 1-1-4-0-1
{nt1101}[USR0-shell]gpon>ONT getCfg 1104 0 1
ont cmd: getCfg is found at 0
Ont 1-1-4-0-1
------------
	adminState: up
	trapEnable: on
	SerialNumber: ALCLfa702932
	ontGBatteryBackup: 0
	ontReboot: 0
	plannedVersion: 3FE47150HJKK58
	downloadVersion: disabled
	plannedVariant: 
	provVersion: *
	cfgFile1PlannedVersion: DISABLED
	cfgFile1DownloadVersion: DISABLED
	cfgFile2PlannedVersion: DISABLED
	cfgFile2DownloadVersion: DISABLED
	berInterval: 8000
	Slid: WILDCARD
	upstreamFecInd: 0
	mibDataSync: 119
	pwrShedProfileIdx: 0
	ontEnableDisable: 0
	ontCraftEnableInd     = 1 - ONT Craft Disabled
	subscriberData1:  
	subscriberData2:  
	tcaMeId: 0
	lowerOpticalThreshold = 1 => internal Ont Policy
	upperOpticalThreshold = 1 => internal Ont Policy
	ontSideAggGemPmCollectInd     = 1 - PM collection enabled
	oltSideAOAggGemPmCollectInd   = 1 - PM collection enabled
	oltSideODAggGemPmCollectInd   = 2 - PM collection disabled
	ontSideOSPmCollectInd   = 2 - PM collection disabled
	ontSideMcastGemPmCollectInd     = 2 - PM collection disabled
	ontSideCPUPmCollectInd     = 2 - PM collection disabled
	ontSideMemPmCollectInd     = 2 - PM collection disabled
	optSupPMcollectSlot: 0
	videoRfFilter: 2
	rangedBeforeCounter: 0
	slidCapability: 0
	dpboProfNbr: 0
	usPoliceMode: 0
	usTcPoliceMode: 0
	usRateLimitDhcp: 10
	usRateLimitArp: 10
	aesEnableInd: 0
	voipCapability: 0
	ontSideFecPmCollectInd: 2
	timeStamp: 0
	loidAuthid:  
	loidAuthpassword:  ******
	vlanTranslateMode: 0
	dscp2pbitAlignmentOltMode: DISABLE
	bridgeMapMode: 5
	iphcMode: 0
	ontSidePonAggEtherPmCollectInd: 2
	handshakeAct: 0
	selfTest: 0
	ontSessionClientIpAddr 135.249.63.102
	actNumSlots: 2
	aniGTotalTcontNumber: 32
	ontSessionTcpPort: 50025
	loidAuthOperatorId: 
	ontGenericV2ForceDataStorageCommand: 0
	ontGenericV2IgmpSnoopEnable: 1
	ontGenericV2StaticMulticastVlanTranslationIndicator: 0
	ontGenericV2EthernetPortToPortTrafficEnableIndicator: 0
	ontGenericV2SlidCapability: 0
	ontGenericV2YpSerialNumber: ALCLFA702932
	ont2GEquipmentId:      00000G140WF
	ont2GTotalTrafficSchedulerNumber: 32
	ont2GTotalPriorityQueueNumber: 256
	ont2GVendorProductCode: 12598
	ontGenericVersion: 3FE47779AAAA01
	ontGenericVendorId: 1095517004
	onuCapabilityCtcSpecVersion: 255
	onuCapabilityOnuType: 1
	onuCapabilityOnuTxPowerSupplyControl: 2
	OntSnBundleCtrl:: 0 
	OntSnBundleStatus:: 0 
	xGponOltFecPmEnable:: 2 - Pm collection Disabled
	xGponOltPhyPmEnable:: 2 - Pm collection Disabled
	xGponOltXgTcPmEnable:: 2 - Pm collection Disabled
	xGponOntXgTcPmEnable:: 2 - Pm collection Disabled
	OnuId: 65535
	onuPlannedUsRate: 0
	onuActualUsRate: 3
prefCP value can have a valid value when the NGPON2-ONT was configured in pre-isr5401 release.  This field is deprecated from isr5401.
	prefCP: 0-0-0-0  not valid 
	  For NGPON2 ONTs please check ontMobility-table using eqptcf dumpTable ontMobility

rogue ONU prevention settings:
	 TSSI alm mode  : [enable]
	 poll interval  : [20]
	 poll count     : [150]
	 disTx time-len : [unspecified]
	 ontUpEncryptMode: 0
	 ontOmccEncryptMode: 0
------------

	 OntFaults     = 1  
{nt1101}[USR0-shell]gpon>ONT getCfg 1104 0 2
ont cmd: getCfg is found at 0
Ont 1-1-4-0-2
------------
	adminState: up
	trapEnable: on
	SerialNumber: ALCLb3005282
	ontGBatteryBackup: 0
	ontReboot: 0
	plannedVersion: 3FE46606HJKK58
	downloadVersion: DISABLED
	plannedVariant: 
	provVersion: *
	cfgFile1PlannedVersion: DISABLED
	cfgFile1DownloadVersion: DISABLED
	cfgFile2PlannedVersion: DISABLED
	cfgFile2DownloadVersion: DISABLED
	berInterval: 8000
	Slid: WILDCARD
	upstreamFecInd: 0
	mibDataSync: 119
	pwrShedProfileIdx: 0
	ontEnableDisable: 0
	ontCraftEnableInd     = 1 - ONT Craft Disabled
	subscriberData1:  
	subscriberData2:  
	tcaMeId: 0
	lowerOpticalThreshold = 1 => internal Ont Policy
	upperOpticalThreshold = 1 => internal Ont Policy
	ontSideAggGemPmCollectInd     = 1 - PM collection enabled
	oltSideAOAggGemPmCollectInd   = 1 - PM collection enabled
	oltSideODAggGemPmCollectInd   = 2 - PM collection disabled
	ontSideOSPmCollectInd   = 2 - PM collection disabled
	ontSideMcastGemPmCollectInd     = 2 - PM collection disabled
	ontSideCPUPmCollectInd     = 2 - PM collection disabled
	ontSideMemPmCollectInd     = 2 - PM collection disabled
	optSupPMcollectSlot: 0
	videoRfFilter: 2
	rangedBeforeCounter: 0
	slidCapability: 0
	dpboProfNbr: 0
	usPoliceMode: 0
	usTcPoliceMode: 0
	usRateLimitDhcp: 10
	usRateLimitArp: 10
	aesEnableInd: 0
	voipCapability: 0
	ontSideFecPmCollectInd: 2
	timeStamp: 0
	loidAuthid:  
	loidAuthpassword:  
	vlanTranslateMode: 0
	dscp2pbitAlignmentOltMode: DISABLE
	bridgeMapMode: 5
	iphcMode: 0
	ontSidePonAggEtherPmCollectInd: 2
	handshakeAct: 0
	selfTest: 0
	ontSessionClientIpAddr 0.0.0.0
	actNumSlots: 2
	aniGTotalTcontNumber: 32
	ontSessionTcpPort: 0
	loidAuthOperatorId: 
	ontGenericV2ForceDataStorageCommand: 0
	ontGenericV2IgmpSnoopEnable: 1
	ontGenericV2StaticMulticastVlanTranslationIndicator: 0
	ontGenericV2EthernetPortToPortTrafficEnableIndicator: 0
	ontGenericV2SlidCapability: 0
	ontGenericV2YpSerialNumber: B3005282
	ont2GEquipmentId: NOCLEICODEG140WG
	ont2GTotalTrafficSchedulerNumber: 32
	ont2GTotalPriorityQueueNumber: 256
	ont2GVendorProductCode: 12336
	ontGenericVersion: 3FE47831AAAA01
	ontGenericVendorId: 1095517004
	onuCapabilityCtcSpecVersion: 255
	onuCapabilityOnuType: 1
	onuCapabilityOnuTxPowerSupplyControl: 2
	OntSnBundleCtrl:: 0 
	OntSnBundleStatus:: 0 
	xGponOltFecPmEnable:: 2 - Pm collection Disabled
	xGponOltPhyPmEnable:: 2 - Pm collection Disabled
	xGponOltXgTcPmEnable:: 2 - Pm collection Disabled
	xGponOntXgTcPmEnable:: 2 - Pm collection Disabled
	OnuId: 65535
	onuPlannedUsRate: 0
	onuActualUsRate: 3
prefCP value can have a valid value when the NGPON2-ONT was configured in pre-isr5401 release.  This field is deprecated from isr5401.
	prefCP: 0-0-0-0  not valid 
	  For NGPON2 ONTs please check ontMobility-table using eqptcf dumpTable ontMobility

rogue ONU prevention settings:
	 TSSI alm mode  : [enable]
	 poll interval  : [20]
	 poll count     : [150]
	 disTx time-len : [unspecified]
	 ontUpEncryptMode: 0
	 ontOmccEncryptMode: 0
------------

	 OntFaults     = 1  
{nt1101}[USR0-shell]gpon>ONT ontSessionClientIpAddr 135 249 63 102
ont cmd: ontSessionClientIpAddr is found at 66
{nt1101}[USR0-shell]gpon>ONT setCfg 1104 0 2
ont cmd: setCfg is found at 64
Ont 1-1-4-0-2
{nt1101}[USR0-shell]gpon>ONT getCfg 1104 0 2
ont cmd: getCfg is found at 0
Ont 1-1-4-0-2
------------
	adminState: up
	trapEnable: on
	SerialNumber: ALCLb3005282
	ontGBatteryBackup: 0
	ontReboot: 0
	plannedVersion: 3FE46606HJKK58
	downloadVersion: DISABLED
	plannedVariant: 
	provVersion: *
	cfgFile1PlannedVersion: DISABLED
	cfgFile1DownloadVersion: DISABLED
	cfgFile2PlannedVersion: DISABLED
	cfgFile2DownloadVersion: DISABLED
	berInterval: 8000
	Slid: WILDCARD
	upstreamFecInd: 0
	mibDataSync: 119
	pwrShedProfileIdx: 0
	ontEnableDisable: 0
	ontCraftEnableInd     = 1 - ONT Craft Disabled
	subscriberData1:  
	subscriberData2:  
	tcaMeId: 0
	lowerOpticalThreshold = 1 => internal Ont Policy
	upperOpticalThreshold = 1 => internal Ont Policy
	ontSideAggGemPmCollectInd     = 1 - PM collection enabled
	oltSideAOAggGemPmCollectInd   = 1 - PM collection enabled
	oltSideODAggGemPmCollectInd   = 2 - PM collection disabled
	ontSideOSPmCollectInd   = 2 - PM collection disabled
	ontSideMcastGemPmCollectInd     = 2 - PM collection disabled
	ontSideCPUPmCollectInd     = 2 - PM collection disabled
	ontSideMemPmCollectInd     = 2 - PM collection disabled
	optSupPMcollectSlot: 0
	videoRfFilter: 2
	rangedBeforeCounter: 0
	slidCapability: 0
	dpboProfNbr: 0
	usPoliceMode: 0
	usTcPoliceMode: 0
	usRateLimitDhcp: 10
	usRateLimitArp: 10
	aesEnableInd: 0
	voipCapability: 0
	ontSideFecPmCollectInd: 2
	timeStamp: 0
	loidAuthid:  
	loidAuthpassword:  
	vlanTranslateMode: 0
	dscp2pbitAlignmentOltMode: DISABLE
	bridgeMapMode: 5
	iphcMode: 0
	ontSidePonAggEtherPmCollectInd: 2
	handshakeAct: 0
	selfTest: 0
	ontSessionClientIpAddr 135.249.63.102
	actNumSlots: 2
	aniGTotalTcontNumber: 32
	ontSessionTcpPort: 50026
	loidAuthOperatorId: 
	ontGenericV2ForceDataStorageCommand: 0
	ontGenericV2IgmpSnoopEnable: 1
	ontGenericV2StaticMulticastVlanTranslationIndicator: 0
	ontGenericV2EthernetPortToPortTrafficEnableIndicator: 0
	ontGenericV2SlidCapability: 0
	ontGenericV2YpSerialNumber: B3005282
	ont2GEquipmentId: NOCLEICODEG140WG
	ont2GTotalTrafficSchedulerNumber: 32
	ont2GTotalPriorityQueueNumber: 256
	ont2GVendorProductCode: 12336
	ontGenericVersion: 3FE47831AAAA01
	ontGenericVendorId: 1095517004
	onuCapabilityCtcSpecVersion: 255
	onuCapabilityOnuType: 1
	onuCapabilityOnuTxPowerSupplyControl: 2
	OntSnBundleCtrl:: 0 
	OntSnBundleStatus:: 0 
	xGponOltFecPmEnable:: 2 - Pm collection Disabled
	xGponOltPhyPmEnable:: 2 - Pm collection Disabled
	xGponOltXgTcPmEnable:: 2 - Pm collection Disabled
	xGponOntXgTcPmEnable:: 2 - Pm collection Disabled
	OnuId: 65535
	onuPlannedUsRate: 0
	onuActualUsRate: 3
prefCP value can have a valid value when the NGPON2-ONT was configured in pre-isr5401 release.  This field is deprecated from isr5401.
	prefCP: 0-0-0-0  not valid 
	  For NGPON2 ONTs please check ontMobility-table using eqptcf dumpTable ontMobility

rogue ONU prevention settings:
	 TSSI alm mode  : [enable]
	 poll interval  : [20]
	 poll count     : [150]
	 disTx time-len : [unspecified]
	 ontUpEncryptMode: 0
	 ontOmccEncryptMode: 0
------------

	 OntFaults     = 1  
{nt1101}[USR0-shell]gpon>ONT getCfg 1104 0 3
ont cmd: getCfg is found at 0
Ont 1-1-4-0-3
------------
	adminState: up
	trapEnable: on
	SerialNumber: ALCLfa4a361a
	ontGBatteryBackup: 0
	ontReboot: 0
	plannedVersion: 3FE46606HJKK58
	downloadVersion: DISABLED
	plannedVariant: 
	provVersion: *
	cfgFile1PlannedVersion: DISABLED
	cfgFile1DownloadVersion: DISABLED
	cfgFile2PlannedVersion: DISABLED
	cfgFile2DownloadVersion: DISABLED
	berInterval: 8000
	Slid: WILDCARD
	upstreamFecInd: 0
	mibDataSync: 119
	pwrShedProfileIdx: 0
	ontEnableDisable: 0
	ontCraftEnableInd     = 1 - ONT Craft Disabled
	subscriberData1:  
	subscriberData2:  
	tcaMeId: 0
	lowerOpticalThreshold = 1 => internal Ont Policy
	upperOpticalThreshold = 1 => internal Ont Policy
	ontSideAggGemPmCollectInd     = 1 - PM collection enabled
	oltSideAOAggGemPmCollectInd   = 1 - PM collection enabled
	oltSideODAggGemPmCollectInd   = 2 - PM collection disabled
	ontSideOSPmCollectInd   = 2 - PM collection disabled
	ontSideMcastGemPmCollectInd     = 2 - PM collection disabled
	ontSideCPUPmCollectInd     = 2 - PM collection disabled
	ontSideMemPmCollectInd     = 2 - PM collection disabled
	optSupPMcollectSlot: 0
	videoRfFilter: 2
	rangedBeforeCounter: 0
	slidCapability: 0
	dpboProfNbr: 0
	usPoliceMode: 0
	usTcPoliceMode: 0
	usRateLimitDhcp: 10
	usRateLimitArp: 10
	aesEnableInd: 0
	voipCapability: 0
	ontSideFecPmCollectInd: 2
	timeStamp: 0
	loidAuthid:  
	loidAuthpassword:  
	vlanTranslateMode: 0
	dscp2pbitAlignmentOltMode: DISABLE
	bridgeMapMode: 5
	iphcMode: 0
	ontSidePonAggEtherPmCollectInd: 2
	handshakeAct: 0
	selfTest: 0
	ontSessionClientIpAddr 0.0.0.0
	actNumSlots: 2
	aniGTotalTcontNumber: 32
	ontSessionTcpPort: 0
	loidAuthOperatorId: 
	ontGenericV2ForceDataStorageCommand: 0
	ontGenericV2IgmpSnoopEnable: 1
	ontGenericV2StaticMulticastVlanTranslationIndicator: 0
	ontGenericV2EthernetPortToPortTrafficEnableIndicator: 0
	ontGenericV2SlidCapability: 0
	ontGenericV2YpSerialNumber: YP1744086D1
	ont2GEquipmentId:      00000G120WF
	ont2GTotalTrafficSchedulerNumber: 32
	ont2GTotalPriorityQueueNumber: 256
	ont2GVendorProductCode: 12339
	ontGenericVersion: 3FE46921AAAA01
	ontGenericVendorId: 1095517004
	onuCapabilityCtcSpecVersion: 255
	onuCapabilityOnuType: 1
	onuCapabilityOnuTxPowerSupplyControl: 2
	OntSnBundleCtrl:: 0 
	OntSnBundleStatus:: 0 
	xGponOltFecPmEnable:: 2 - Pm collection Disabled
	xGponOltPhyPmEnable:: 2 - Pm collection Disabled
	xGponOltXgTcPmEnable:: 2 - Pm collection Disabled
	xGponOntXgTcPmEnable:: 2 - Pm collection Disabled
	OnuId: 65535
	onuPlannedUsRate: 0
	onuActualUsRate: 3
prefCP value can have a valid value when the NGPON2-ONT was configured in pre-isr5401 release.  This field is deprecated from isr5401.
	prefCP: 0-0-0-0  not valid 
	  For NGPON2 ONTs please check ontMobility-table using eqptcf dumpTable ontMobility

rogue ONU prevention settings:
	 TSSI alm mode  : [enable]
	 poll interval  : [20]
	 poll count     : [150]
	 disTx time-len : [unspecified]
	 ontUpEncryptMode: 0
	 ontOmccEncryptMode: 0
------------

	 OntFaults     = 1  
{nt1101}[USR0-shell]gpon>ONT ontSessionClientIpAddr 135 249 63 102
ont cmd: ontSessionClientIpAddr is found at 66
{nt1101}[USR0-shell]gpon>ONT setCfg 1104 0 3
ont cmd: setCfg is found at 64
Ont 1-1-4-0-3
{nt1101}[USR0-shell]gpon>ONT getCfg 1104 0 3
ont cmd: getCfg is found at 0
Ont 1-1-4-0-3
------------
	adminState: up
	trapEnable: on
	SerialNumber: ALCLfa4a361a
	ontGBatteryBackup: 0
	ontReboot: 0
	plannedVersion: 3FE46606HJKK58
	downloadVersion: DISABLED
	plannedVariant: 
	provVersion: *
	cfgFile1PlannedVersion: DISABLED
	cfgFile1DownloadVersion: DISABLED
	cfgFile2PlannedVersion: DISABLED
	cfgFile2DownloadVersion: DISABLED
	berInterval: 8000
	Slid: WILDCARD
	upstreamFecInd: 0
	mibDataSync: 119
	pwrShedProfileIdx: 0
	ontEnableDisable: 0
	ontCraftEnableInd     = 1 - ONT Craft Disabled
	subscriberData1:  
	subscriberData2:  
	tcaMeId: 0
	lowerOpticalThreshold = 1 => internal Ont Policy
	upperOpticalThreshold = 1 => internal Ont Policy
	ontSideAggGemPmCollectInd     = 1 - PM collection enabled
	oltSideAOAggGemPmCollectInd   = 1 - PM collection enabled
	oltSideODAggGemPmCollectInd   = 2 - PM collection disabled
	ontSideOSPmCollectInd   = 2 - PM collection disabled
	ontSideMcastGemPmCollectInd     = 2 - PM collection disabled
	ontSideCPUPmCollectInd     = 2 - PM collection disabled
	ontSideMemPmCollectInd     = 2 - PM collection disabled
	optSupPMcollectSlot: 0
	videoRfFilter: 2
	rangedBeforeCounter: 0
	slidCapability: 0
	dpboProfNbr: 0
	usPoliceMode: 0
	usTcPoliceMode: 0
	usRateLimitDhcp: 10
	usRateLimitArp: 10
	aesEnableInd: 0
	voipCapability: 0
	ontSideFecPmCollectInd: 2
	timeStamp: 0
	loidAuthid:  
	loidAuthpassword:  
	vlanTranslateMode: 0
	dscp2pbitAlignmentOltMode: DISABLE
	bridgeMapMode: 5
	iphcMode: 0
	ontSidePonAggEtherPmCollectInd: 2
	handshakeAct: 0
	selfTest: 0
	ontSessionClientIpAddr 135.249.63.102
	actNumSlots: 2
	aniGTotalTcontNumber: 32
	ontSessionTcpPort: 50027
	loidAuthOperatorId: 
	ontGenericV2ForceDataStorageCommand: 0
	ontGenericV2IgmpSnoopEnable: 1
	ontGenericV2StaticMulticastVlanTranslationIndicator: 0
	ontGenericV2EthernetPortToPortTrafficEnableIndicator: 0
	ontGenericV2SlidCapability: 0
	ontGenericV2YpSerialNumber: YP1744086D1
	ont2GEquipmentId:      00000G120WF
	ont2GTotalTrafficSchedulerNumber: 32
	ont2GTotalPriorityQueueNumber: 256
	ont2GVendorProductCode: 12339
	ontGenericVersion: 3FE46921AAAA01
	ontGenericVendorId: 1095517004
	onuCapabilityCtcSpecVersion: 255
	onuCapabilityOnuType: 1
	onuCapabilityOnuTxPowerSupplyControl: 2
	OntSnBundleCtrl:: 0 
	OntSnBundleStatus:: 0 
	xGponOltFecPmEnable:: 2 - Pm collection Disabled
	xGponOltPhyPmEnable:: 2 - Pm collection Disabled
	xGponOltXgTcPmEnable:: 2 - Pm collection Disabled
	xGponOntXgTcPmEnable:: 2 - Pm collection Disabled
	OnuId: 65535
	onuPlannedUsRate: 0
	onuActualUsRate: 3
prefCP value can have a valid value when the NGPON2-ONT was configured in pre-isr5401 release.  This field is deprecated from isr5401.
	prefCP: 0-0-0-0  not valid 
	  For NGPON2 ONTs please check ontMobility-table using eqptcf dumpTable ontMobility

rogue ONU prevention settings:
	 TSSI alm mode  : [enable]
	 poll interval  : [20]
	 poll count     : [150]
	 disTx time-len : [unspecified]
	 ontUpEncryptMode: 0
	 ontOmccEncryptMode: 0
------------

	 OntFaults     = 1  
{nt1101}[USR0-shell]gpon>ONT getCfg 1104 0 4
ont cmd: getCfg is found at 0
Ont 1-1-4-0-4
------------
	adminState: up
	trapEnable: on
	SerialNumber: ALCLfbc8606f
	ontGBatteryBackup: 0
	ontReboot: 0
	plannedVersion: 3FE48077HJKK35
	downloadVersion: DISABLED
	plannedVariant: 
	provVersion: *
	cfgFile1PlannedVersion: DISABLED
	cfgFile1DownloadVersion: DISABLED
	cfgFile2PlannedVersion: DISABLED
	cfgFile2DownloadVersion: DISABLED
	berInterval: 8000
	Slid: WILDCARD
	upstreamFecInd: 0
	mibDataSync: 119
	pwrShedProfileIdx: 0
	ontEnableDisable: 0
	ontCraftEnableInd     = 1 - ONT Craft Disabled
	subscriberData1:  
	subscriberData2:  
	tcaMeId: 0
	lowerOpticalThreshold = 1 => internal Ont Policy
	upperOpticalThreshold = 1 => internal Ont Policy
	ontSideAggGemPmCollectInd     = 1 - PM collection enabled
	oltSideAOAggGemPmCollectInd   = 1 - PM collection enabled
	oltSideODAggGemPmCollectInd   = 2 - PM collection disabled
	ontSideOSPmCollectInd   = 2 - PM collection disabled
	ontSideMcastGemPmCollectInd     = 2 - PM collection disabled
	ontSideCPUPmCollectInd     = 2 - PM collection disabled
	ontSideMemPmCollectInd     = 2 - PM collection disabled
	optSupPMcollectSlot: 0
	videoRfFilter: 2
	rangedBeforeCounter: 0
	slidCapability: 0
	dpboProfNbr: 0
	usPoliceMode: 0
	usTcPoliceMode: 0
	usRateLimitDhcp: 10
	usRateLimitArp: 10
	aesEnableInd: 0
	voipCapability: 0
	ontSideFecPmCollectInd: 2
	timeStamp: 0
	loidAuthid:  
	loidAuthpassword:  
	vlanTranslateMode: 0
	dscp2pbitAlignmentOltMode: DISABLE
	bridgeMapMode: 5
	iphcMode: 0
	ontSidePonAggEtherPmCollectInd: 2
	handshakeAct: 0
	selfTest: 0
	ontSessionClientIpAddr 0.0.0.0
	actNumSlots: 2
	aniGTotalTcontNumber: 32
	ontSessionTcpPort: 0
	loidAuthOperatorId: 
	ontGenericV2ForceDataStorageCommand: 0
	ontGenericV2IgmpSnoopEnable: 1
	ontGenericV2StaticMulticastVlanTranslationIndicator: 0
	ontGenericV2EthernetPortToPortTrafficEnableIndicator: 0
	ontGenericV2SlidCapability: 0
	ontGenericV2YpSerialNumber: ALCLFBC8606F
	ont2GEquipmentId: NOCLEICODEG140WH
	ont2GTotalTrafficSchedulerNumber: 32
	ont2GTotalPriorityQueueNumber: 124
	ont2GVendorProductCode: 12598
	ontGenericVersion: 3FE48054AAAA01
	ontGenericVendorId: 1095517004
	onuCapabilityCtcSpecVersion: 255
	onuCapabilityOnuType: 1
	onuCapabilityOnuTxPowerSupplyControl: 2
	OntSnBundleCtrl:: 0 
	OntSnBundleStatus:: 0 
	xGponOltFecPmEnable:: 2 - Pm collection Disabled
	xGponOltPhyPmEnable:: 2 - Pm collection Disabled
	xGponOltXgTcPmEnable:: 2 - Pm collection Disabled
	xGponOntXgTcPmEnable:: 2 - Pm collection Disabled
	OnuId: 65535
	onuPlannedUsRate: 0
	onuActualUsRate: 3
prefCP value can have a valid value when the NGPON2-ONT was configured in pre-isr5401 release.  This field is deprecated from isr5401.
	prefCP: 0-0-0-0  not valid 
	  For NGPON2 ONTs please check ontMobility-table using eqptcf dumpTable ontMobility

rogue ONU prevention settings:
	 TSSI alm mode  : [enable]
	 poll interval  : [20]
	 poll count     : [150]
	 disTx time-len : [unspecified]
	 ontUpEncryptMode: 0
	 ontOmccEncryptMode: 0
------------

	 OntFaults     = 1  
{nt1101}[USR0-shell]gpon>ONT ontSessionClientIpAddr 135 249 63 102
ont cmd: ontSessionClientIpAddr is found at 66
{nt1101}[USR0-shell]gpon>ONT setCfg 1104 0 4
ont cmd: setCfg is found at 64
Ont 1-1-4-0-4
{nt1101}[USR0-shell]gpon>ONT getCfg 1104 0 4
ont cmd: getCfg is found at 0
Ont 1-1-4-0-4
------------
	adminState: up
	trapEnable: on
	SerialNumber: ALCLfbc8606f
	ontGBatteryBackup: 0
	ontReboot: 0
	plannedVersion: 3FE48077HJKK35
	downloadVersion: DISABLED
	plannedVariant: 
	provVersion: *
	cfgFile1PlannedVersion: DISABLED
	cfgFile1DownloadVersion: DISABLED
	cfgFile2PlannedVersion: DISABLED
	cfgFile2DownloadVersion: DISABLED
	berInterval: 8000
	Slid: WILDCARD
	upstreamFecInd: 0
	mibDataSync: 119
	pwrShedProfileIdx: 0
	ontEnableDisable: 0
	ontCraftEnableInd     = 1 - ONT Craft Disabled
	subscriberData1:  
	subscriberData2:  
	tcaMeId: 0
	lowerOpticalThreshold = 1 => internal Ont Policy
	upperOpticalThreshold = 1 => internal Ont Policy
	ontSideAggGemPmCollectInd     = 1 - PM collection enabled
	oltSideAOAggGemPmCollectInd   = 1 - PM collection enabled
	oltSideODAggGemPmCollectInd   = 2 - PM collection disabled
	ontSideOSPmCollectInd   = 2 - PM collection disabled
	ontSideMcastGemPmCollectInd     = 2 - PM collection disabled
	ontSideCPUPmCollectInd     = 2 - PM collection disabled
	ontSideMemPmCollectInd     = 2 - PM collection disabled
	optSupPMcollectSlot: 0
	videoRfFilter: 2
	rangedBeforeCounter: 0
	slidCapability: 0
	dpboProfNbr: 0
	usPoliceMode: 0
	usTcPoliceMode: 0
	usRateLimitDhcp: 10
	usRateLimitArp: 10
	aesEnableInd: 0
	voipCapability: 0
	ontSideFecPmCollectInd: 2
	timeStamp: 0
	loidAuthid:  
	loidAuthpassword:  
	vlanTranslateMode: 0
	dscp2pbitAlignmentOltMode: DISABLE
	bridgeMapMode: 5
	iphcMode: 0
	ontSidePonAggEtherPmCollectInd: 2
	handshakeAct: 0
	selfTest: 0
	ontSessionClientIpAddr 135.249.63.102
	actNumSlots: 2
	aniGTotalTcontNumber: 32
	ontSessionTcpPort: 50028
	loidAuthOperatorId: 
	ontGenericV2ForceDataStorageCommand: 0
	ontGenericV2IgmpSnoopEnable: 1
	ontGenericV2StaticMulticastVlanTranslationIndicator: 0
	ontGenericV2EthernetPortToPortTrafficEnableIndicator: 0
	ontGenericV2SlidCapability: 0
	ontGenericV2YpSerialNumber: ALCLFBC8606F
	ont2GEquipmentId: NOCLEICODEG140WH
	ont2GTotalTrafficSchedulerNumber: 32
	ont2GTotalPriorityQueueNumber: 124
	ont2GVendorProductCode: 12598
	ontGenericVersion: 3FE48054AAAA01
	ontGenericVendorId: 1095517004
	onuCapabilityCtcSpecVersion: 255
	onuCapabilityOnuType: 1
	onuCapabilityOnuTxPowerSupplyControl: 2
	OntSnBundleCtrl:: 0 
	OntSnBundleStatus:: 0 
	xGponOltFecPmEnable:: 2 - Pm collection Disabled
	xGponOltPhyPmEnable:: 2 - Pm collection Disabled
	xGponOltXgTcPmEnable:: 2 - Pm collection Disabled
	xGponOntXgTcPmEnable:: 2 - Pm collection Disabled
	OnuId: 65535
	onuPlannedUsRate: 0
	onuActualUsRate: 3
prefCP value can have a valid value when the NGPON2-ONT was configured in pre-isr5401 release.  This field is deprecated from isr5401.
	prefCP: 0-0-0-0  not valid 
	  For NGPON2 ONTs please check ontMobility-table using eqptcf dumpTable ontMobility

rogue ONU prevention settings:
	 TSSI alm mode  : [enable]
	 poll interval  : [20]
	 poll count     : [150]
	 disTx time-len : [unspecified]
	 ontUpEncryptMode: 0
	 ontOmccEncryptMode: 0
------------

	 OntFaults     = 1  
{nt1101}[USR0-shell]gpon>ONT getCfg 1104 0 5
ont cmd: getCfg is found at 0
Ont 1-1-4-0-5
------------
	adminState: up
	trapEnable: on
	SerialNumber: ALCLfbc3cc84
	ontGBatteryBackup: 0
	ontReboot: 0
	plannedVersion: 3FE46606HJKK58
	downloadVersion: DISABLED
	plannedVariant: 
	provVersion: *
	cfgFile1PlannedVersion: DISABLED
	cfgFile1DownloadVersion: DISABLED
	cfgFile2PlannedVersion: DISABLED
	cfgFile2DownloadVersion: DISABLED
	berInterval: 8000
	Slid: WILDCARD
	upstreamFecInd: 0
	mibDataSync: 119
	pwrShedProfileIdx: 0
	ontEnableDisable: 0
	ontCraftEnableInd     = 1 - ONT Craft Disabled
	subscriberData1:  
	subscriberData2:  
	tcaMeId: 0
	lowerOpticalThreshold = 1 => internal Ont Policy
	upperOpticalThreshold = 1 => internal Ont Policy
	ontSideAggGemPmCollectInd     = 1 - PM collection enabled
	oltSideAOAggGemPmCollectInd   = 1 - PM collection enabled
	oltSideODAggGemPmCollectInd   = 2 - PM collection disabled
	ontSideOSPmCollectInd   = 2 - PM collection disabled
	ontSideMcastGemPmCollectInd     = 2 - PM collection disabled
	ontSideCPUPmCollectInd     = 2 - PM collection disabled
	ontSideMemPmCollectInd     = 2 - PM collection disabled
	optSupPMcollectSlot: 0
	videoRfFilter: 2
	rangedBeforeCounter: 0
	slidCapability: 0
	dpboProfNbr: 0
	usPoliceMode: 0
	usTcPoliceMode: 0
	usRateLimitDhcp: 10
	usRateLimitArp: 10
	aesEnableInd: 0
	voipCapability: 0
	ontSideFecPmCollectInd: 2
	timeStamp: 0
	loidAuthid:  
	loidAuthpassword:  
	vlanTranslateMode: 0
	dscp2pbitAlignmentOltMode: DISABLE
	bridgeMapMode: 5
	iphcMode: 0
	ontSidePonAggEtherPmCollectInd: 2
	handshakeAct: 0
	selfTest: 0
	ontSessionClientIpAddr 0.0.0.0
	actNumSlots: 2
	aniGTotalTcontNumber: 32
	ontSessionTcpPort: 0
	loidAuthOperatorId: 
	ontGenericV2ForceDataStorageCommand: 0
	ontGenericV2IgmpSnoopEnable: 1
	ontGenericV2StaticMulticastVlanTranslationIndicator: 0
	ontGenericV2EthernetPortToPortTrafficEnableIndicator: 0
	ontGenericV2SlidCapability: 0
	ontGenericV2YpSerialNumber: ALCLFBC3CC84
	ont2GEquipmentId: NOCLEICODEG240GE
	ont2GTotalTrafficSchedulerNumber: 32
	ont2GTotalPriorityQueueNumber: 256
	ont2GVendorProductCode: 12598
	ontGenericVersion: 3FE48153BAAA01
	ontGenericVendorId: 1095517004
	onuCapabilityCtcSpecVersion: 255
	onuCapabilityOnuType: 1
	onuCapabilityOnuTxPowerSupplyControl: 2
	OntSnBundleCtrl:: 0 
	OntSnBundleStatus:: 0 
	xGponOltFecPmEnable:: 2 - Pm collection Disabled
	xGponOltPhyPmEnable:: 2 - Pm collection Disabled
	xGponOltXgTcPmEnable:: 2 - Pm collection Disabled
	xGponOntXgTcPmEnable:: 2 - Pm collection Disabled
	OnuId: 65535
	onuPlannedUsRate: 0
	onuActualUsRate: 3
prefCP value can have a valid value when the NGPON2-ONT was configured in pre-isr5401 release.  This field is deprecated from isr5401.
	prefCP: 0-0-0-0  not valid 
	  For NGPON2 ONTs please check ontMobility-table using eqptcf dumpTable ontMobility

rogue ONU prevention settings:
	 TSSI alm mode  : [enable]
	 poll interval  : [20]
	 poll count     : [150]
	 disTx time-len : [unspecified]
	 ontUpEncryptMode: 0
	 ontOmccEncryptMode: 0
------------

	 OntFaults     = 1  
{nt1101}[USR0-shell]gpon>ONT ontSessionClientIpAddr 135 249 63 102
ont cmd: ontSessionClientIpAddr is found at 66
{nt1101}[USR0-shell]gpon>ONT setCfg 1104 0 5
ont cmd: setCfg is found at 64
Ont 1-1-4-0-5
{nt1101}[USR0-shell]gpon>ONT getCfg 1104 0 5
ont cmd: getCfg is found at 0
Ont 1-1-4-0-5
------------
	adminState: up
	trapEnable: on
	SerialNumber: ALCLfbc3cc84
	ontGBatteryBackup: 0
	ontReboot: 0
	plannedVersion: 3FE46606HJKK58
	downloadVersion: DISABLED
	plannedVariant: 
	provVersion: *
	cfgFile1PlannedVersion: DISABLED
	cfgFile1DownloadVersion: DISABLED
	cfgFile2PlannedVersion: DISABLED
	cfgFile2DownloadVersion: DISABLED
	berInterval: 8000
	Slid: WILDCARD
	upstreamFecInd: 0
	mibDataSync: 119
	pwrShedProfileIdx: 0
	ontEnableDisable: 0
	ontCraftEnableInd     = 1 - ONT Craft Disabled
	subscriberData1:  
	subscriberData2:  
	tcaMeId: 0
	lowerOpticalThreshold = 1 => internal Ont Policy
	upperOpticalThreshold = 1 => internal Ont Policy
	ontSideAggGemPmCollectInd     = 1 - PM collection enabled
	oltSideAOAggGemPmCollectInd   = 1 - PM collection enabled
	oltSideODAggGemPmCollectInd   = 2 - PM collection disabled
	ontSideOSPmCollectInd   = 2 - PM collection disabled
	ontSideMcastGemPmCollectInd     = 2 - PM collection disabled
	ontSideCPUPmCollectInd     = 2 - PM collection disabled
	ontSideMemPmCollectInd     = 2 - PM collection disabled
	optSupPMcollectSlot: 0
	videoRfFilter: 2
	rangedBeforeCounter: 0
	slidCapability: 0
	dpboProfNbr: 0
	usPoliceMode: 0
	usTcPoliceMode: 0
	usRateLimitDhcp: 10
	usRateLimitArp: 10
	aesEnableInd: 0
	voipCapability: 0
	ontSideFecPmCollectInd: 2
	timeStamp: 0
	loidAuthid:  
	loidAuthpassword:  
	vlanTranslateMode: 0
	dscp2pbitAlignmentOltMode: DISABLE
	bridgeMapMode: 5
	iphcMode: 0
	ontSidePonAggEtherPmCollectInd: 2
	handshakeAct: 0
	selfTest: 0
	ontSessionClientIpAddr 135.249.63.102
	actNumSlots: 2
	aniGTotalTcontNumber: 32
	ontSessionTcpPort: 50029
	loidAuthOperatorId: 
	ontGenericV2ForceDataStorageCommand: 0
	ontGenericV2IgmpSnoopEnable: 1
	ontGenericV2StaticMulticastVlanTranslationIndicator: 0
	ontGenericV2EthernetPortToPortTrafficEnableIndicator: 0
	ontGenericV2SlidCapability: 0
	ontGenericV2YpSerialNumber: ALCLFBC3CC84
	ont2GEquipmentId: NOCLEICODEG240GE
	ont2GTotalTrafficSchedulerNumber: 32
	ont2GTotalPriorityQueueNumber: 256
	ont2GVendorProductCode: 12598
	ontGenericVersion: 3FE48153BAAA01
	ontGenericVendorId: 1095517004
	onuCapabilityCtcSpecVersion: 255
	onuCapabilityOnuType: 1
	onuCapabilityOnuTxPowerSupplyControl: 2
	OntSnBundleCtrl:: 0 
	OntSnBundleStatus:: 0 
	xGponOltFecPmEnable:: 2 - Pm collection Disabled
	xGponOltPhyPmEnable:: 2 - Pm collection Disabled
	xGponOltXgTcPmEnable:: 2 - Pm collection Disabled
	xGponOntXgTcPmEnable:: 2 - Pm collection Disabled
	OnuId: 65535
	onuPlannedUsRate: 0
	onuActualUsRate: 3
prefCP value can have a valid value when the NGPON2-ONT was configured in pre-isr5401 release.  This field is deprecated from isr5401.
	prefCP: 0-0-0-0  not valid 
	  For NGPON2 ONTs please check ontMobility-table using eqptcf dumpTable ontMobility

rogue ONU prevention settings:
	 TSSI alm mode  : [enable]
	 poll interval  : [20]
	 poll count     : [150]
	 disTx time-len : [unspecified]
	 ontUpEncryptMode: 0
	 ontOmccEncryptMode: 0
------------

	 OntFaults     = 1  
{nt1101}[USR0-shell]gpon>ONT getCfg 1104 0 6
ont cmd: getCfg is found at 0
Ont 1-1-4-0-6
------------
	adminState: up
	trapEnable: on
	SerialNumber: ALCLb11c05f4
	ontGBatteryBackup: 0
	ontReboot: 0
	plannedVersion: 3FE46606HJKK58
	downloadVersion: DISABLED
	plannedVariant: 
	provVersion: *
	cfgFile1PlannedVersion: DISABLED
	cfgFile1DownloadVersion: DISABLED
	cfgFile2PlannedVersion: DISABLED
	cfgFile2DownloadVersion: DISABLED
	berInterval: 8000
	Slid: WILDCARD
	upstreamFecInd: 0
	mibDataSync: 119
	pwrShedProfileIdx: 0
	ontEnableDisable: 0
	ontCraftEnableInd     = 1 - ONT Craft Disabled
	subscriberData1:  
	subscriberData2:  
	tcaMeId: 0
	lowerOpticalThreshold = 1 => internal Ont Policy
	upperOpticalThreshold = 1 => internal Ont Policy
	ontSideAggGemPmCollectInd     = 1 - PM collection enabled
	oltSideAOAggGemPmCollectInd   = 1 - PM collection enabled
	oltSideODAggGemPmCollectInd   = 2 - PM collection disabled
	ontSideOSPmCollectInd   = 2 - PM collection disabled
	ontSideMcastGemPmCollectInd     = 2 - PM collection disabled
	ontSideCPUPmCollectInd     = 2 - PM collection disabled
	ontSideMemPmCollectInd     = 2 - PM collection disabled
	optSupPMcollectSlot: 0
	videoRfFilter: 2
	rangedBeforeCounter: 0
	slidCapability: 0
	dpboProfNbr: 0
	usPoliceMode: 0
	usTcPoliceMode: 0
	usRateLimitDhcp: 10
	usRateLimitArp: 10
	aesEnableInd: 0
	voipCapability: 0
	ontSideFecPmCollectInd: 2
	timeStamp: 0
	loidAuthid:  
	loidAuthpassword:  
	vlanTranslateMode: 0
	dscp2pbitAlignmentOltMode: DISABLE
	bridgeMapMode: 5
	iphcMode: 0
	ontSidePonAggEtherPmCollectInd: 2
	handshakeAct: 0
	selfTest: 0
	ontSessionClientIpAddr 0.0.0.0
	actNumSlots: 2
	aniGTotalTcontNumber: 32
	ontSessionTcpPort: 0
	loidAuthOperatorId: 
	ontGenericV2ForceDataStorageCommand: 0
	ontGenericV2IgmpSnoopEnable: 1
	ontGenericV2StaticMulticastVlanTranslationIndicator: 0
	ontGenericV2EthernetPortToPortTrafficEnableIndicator: 0
	ontGenericV2SlidCapability: 0
	ontGenericV2YpSerialNumber: B11C05F4
	ont2GEquipmentId: BVMDZ00CRAG240WF
	ont2GTotalTrafficSchedulerNumber: 32
	ont2GTotalPriorityQueueNumber: 256
	ont2GVendorProductCode: 12338
	ontGenericVersion: 3FE46920AAAA01
	ontGenericVendorId: 1095517004
	onuCapabilityCtcSpecVersion: 255
	onuCapabilityOnuType: 1
	onuCapabilityOnuTxPowerSupplyControl: 2
	OntSnBundleCtrl:: 0 
	OntSnBundleStatus:: 0 
	xGponOltFecPmEnable:: 2 - Pm collection Disabled
	xGponOltPhyPmEnable:: 2 - Pm collection Disabled
	xGponOltXgTcPmEnable:: 2 - Pm collection Disabled
	xGponOntXgTcPmEnable:: 2 - Pm collection Disabled
	OnuId: 65535
	onuPlannedUsRate: 0
	onuActualUsRate: 3
prefCP value can have a valid value when the NGPON2-ONT was configured in pre-isr5401 release.  This field is deprecated from isr5401.
	prefCP: 0-0-0-0  not valid 
	  For NGPON2 ONTs please check ontMobility-table using eqptcf dumpTable ontMobility

rogue ONU prevention settings:
	 TSSI alm mode  : [enable]
	 poll interval  : [20]
	 poll count     : [150]
	 disTx time-len : [unspecified]
	 ontUpEncryptMode: 0
	 ontOmccEncryptMode: 0
------------

	 OntFaults     = 1  
{nt1101}[USR0-shell]gpon>ONT ontSessionClientIpAddr 135 249 63 102
ont cmd: ontSessionClientIpAddr is found at 66
{nt1101}[USR0-shell]gpon>ONT setCfg 1104 0 6
ont cmd: setCfg is found at 64
Ont 1-1-4-0-6
{nt1101}[USR0-shell]gpon>ONT getCfg 1104 0 6
ont cmd: getCfg is found at 0
Ont 1-1-4-0-6
------------
	adminState: up
	trapEnable: on
	SerialNumber: ALCLb11c05f4
	ontGBatteryBackup: 0
	ontReboot: 0
	plannedVersion: 3FE46606HJKK58
	downloadVersion: DISABLED
	plannedVariant: 
	provVersion: *
	cfgFile1PlannedVersion: DISABLED
	cfgFile1DownloadVersion: DISABLED
	cfgFile2PlannedVersion: DISABLED
	cfgFile2DownloadVersion: DISABLED
	berInterval: 8000
	Slid: WILDCARD
	upstreamFecInd: 0
	mibDataSync: 119
	pwrShedProfileIdx: 0
	ontEnableDisable: 0
	ontCraftEnableInd     = 1 - ONT Craft Disabled
	subscriberData1:  
	subscriberData2:  
	tcaMeId: 0
	lowerOpticalThreshold = 1 => internal Ont Policy
	upperOpticalThreshold = 1 => internal Ont Policy
	ontSideAggGemPmCollectInd     = 1 - PM collection enabled
	oltSideAOAggGemPmCollectInd   = 1 - PM collection enabled
	oltSideODAggGemPmCollectInd   = 2 - PM collection disabled
	ontSideOSPmCollectInd   = 2 - PM collection disabled
	ontSideMcastGemPmCollectInd     = 2 - PM collection disabled
	ontSideCPUPmCollectInd     = 2 - PM collection disabled
	ontSideMemPmCollectInd     = 2 - PM collection disabled
	optSupPMcollectSlot: 0
	videoRfFilter: 2
	rangedBeforeCounter: 0
	slidCapability: 0
	dpboProfNbr: 0
	usPoliceMode: 0
	usTcPoliceMode: 0
	usRateLimitDhcp: 10
	usRateLimitArp: 10
	aesEnableInd: 0
	voipCapability: 0
	ontSideFecPmCollectInd: 2
	timeStamp: 0
	loidAuthid:  
	loidAuthpassword:  
	vlanTranslateMode: 0
	dscp2pbitAlignmentOltMode: DISABLE
	bridgeMapMode: 5
	iphcMode: 0
	ontSidePonAggEtherPmCollectInd: 2
	handshakeAct: 0
	selfTest: 0
	ontSessionClientIpAddr 135.249.63.102
	actNumSlots: 2
	aniGTotalTcontNumber: 32
	ontSessionTcpPort: 50030
	loidAuthOperatorId: 
	ontGenericV2ForceDataStorageCommand: 0
	ontGenericV2IgmpSnoopEnable: 1
	ontGenericV2StaticMulticastVlanTranslationIndicator: 0
	ontGenericV2EthernetPortToPortTrafficEnableIndicator: 0
	ontGenericV2SlidCapability: 0
	ontGenericV2YpSerialNumber: B11C05F4
	ont2GEquipmentId: BVMDZ00CRAG240WF
	ont2GTotalTrafficSchedulerNumber: 32
	ont2GTotalPriorityQueueNumber: 256
	ont2GVendorProductCode: 12338
	ontGenericVersion: 3FE46920AAAA01
	ontGenericVendorId: 1095517004
	onuCapabilityCtcSpecVersion: 255
	onuCapabilityOnuType: 1
	onuCapabilityOnuTxPowerSupplyControl: 2
	OntSnBundleCtrl:: 0 
	OntSnBundleStatus:: 0 
	xGponOltFecPmEnable:: 2 - Pm collection Disabled
	xGponOltPhyPmEnable:: 2 - Pm collection Disabled
	xGponOltXgTcPmEnable:: 2 - Pm collection Disabled
	xGponOntXgTcPmEnable:: 2 - Pm collection Disabled
	OnuId: 65535
	onuPlannedUsRate: 0
	onuActualUsRate: 3
prefCP value can have a valid value when the NGPON2-ONT was configured in pre-isr5401 release.  This field is deprecated from isr5401.
	prefCP: 0-0-0-0  not valid 
	  For NGPON2 ONTs please check ontMobility-table using eqptcf dumpTable ontMobility

rogue ONU prevention settings:
	 TSSI alm mode  : [enable]
	 poll interval  : [20]
	 poll count     : [150]
	 disTx time-len : [unspecified]
	 ontUpEncryptMode: 0
	 ontOmccEncryptMode: 0
------------

	 OntFaults     = 1  
{nt1101}[USR0-shell]gpon>./octopus > quit
quit
[ladmin@lab63102 TOOLS]$ killall -9 octopus
octopus(3098): Operation not permitted
octopus(32051): Operation not permitted
octopus: no process found
[ladmin@lab63102 TOOLS]$ rm -rf /home/ladmin/.ssh/known_hosts
[ladmin@lab63102 TOOLS]$ ssh -l ONTUSER 135.249.24.250 -p 50024
The authenticity of host '[135.249.24.250]:50024 ([135.249.24.250]:50024)' can't be established.
RSA key fingerprint is SHA256:eflKs/TyC+a7Y1ojFqZDupug0MZZkL6YiRw2gxtVdHA.
RSA key fingerprint is MD5:ac:4b:19:34:7a:84:4e:12:56:61:9c:79:8e:5e:ec:4a.
Are you sure you want to continue connecting (yes/no)? yes
Warning: Permanently added '[135.249.24.250]:50024' (RSA) to the list of known hosts.
Login fail count since last successful login: 0
ONTUSER@135.249.24.250's password: 
Last successful login date and time: Date:2023-08-25 Time:16:40:55

[root@AONT: ONTUSER]# ritool dump
the Format:01
the MfrID:ALCL
the Factorycode:03
the HardwareVersion:3FE46953AAAA
the ICS:01
the YPSerialNum:     YP173806AC0
the CleiCode:     00000
the Mnemonic:G-120G-E
the ProgDate:170927
the MACAddress:a0:9d:86:56:8f:30
the DeviceIDPref:0000
the SWImage:005e
the OnuMode:0003
the G984Serial:fa453c41
the HWConfiguration:0000000000000000
the PartNumber:3FE46951AAAA
the OperatorID:ALCL
the SLID:00000000000000000000000000000000
the CountryID:01
the GroupID:00000000
[root@AONT: ONTUSER]# cat /etc/buildinfo
ONT_TYPE=g120ge
PON_MODE=GPON
SOFTWAREVERSION=HJK.K58p02
PRODUCTCLASS=g120ge
RELEASE=0.0.0
BUILDSTAMP=
BUILDDATE=20230825_0240
COPYRIGHT=NOKIA
WHOBUILD=buildmgr
IMAGEVERSION=3FE47037HJKK58
NODE=8ddd8196c50d2e69e5042c2015ea3de7a94836df
REPO=sw
SIGN=n
SIGNER=NCG
VOIP=sip
CONFIG_VOIP_SW=
CVP_REVISION=a8fd95aa964918d16f345dc2a02329e1b67f279d
SDK_VERSION=3.0
[root@AONT: ONTUSER]# cat /etc/buildinfo
ONT_TYPE=g120ge
PON_MODE=GPON
SOFTWAREVERSION=HJK.K58p02
PRODUCTCLASS=g120ge
RELEASE=0.0.0
BUILDSTAMP=
BUILDDATE=20230825_0240
COPYRIGHT=NOKIA
WHOBUILD=buildmgr
IMAGEVERSION=3FE47037HJKK58
NODE=8ddd8196c50d2e69e5042c2015ea3de7a94836df
REPO=sw
SIGN=n
SIGNER=NCG
VOIP=sip
CONFIG_VOIP_SW=
CVP_REVISION=a8fd95aa964918d16f345dc2a02329e1b67f279d
SDK_VERSION=3.0
[root@AONT: ONTUSER]# cfgcli dumpwan
==============================================================================================
instance type  en mode        Status(IPv4/IPv6)               IPv4Addr        Netmask         IPv4Gateway                    IPv4DNS                 IPv6Addr             Prefix         IPv6Gateway          IPv6DNS                Name
010101   dhcp   1  1     Connected/Unconfigured       192.86.1.7   255.255.255.0               -                              -                                       -                                           -                                       -                                                                               - 1_TR069_INTERNET_OTHER_R_VID_881
010201   dhcp   1  1     Connected/Unconfigured        20.0.0.14   255.255.255.0      20.0.0.201                       20.0.0.3                                       -                                           -                                       -                                                                               -     2_VOIP_INTERNET_R_VID_30
010301   dhcp   1  1  Disconnected/Unconfigured                -               -               -                              -                                       -                                           -                                       -                                                                               -         3_INTERNET_R_VID_981
==============================================================================================
[root@AONT: ONTUSER]# uptime
 11:05:51 up 1 day, 18:44, load average: 5.16, 4.44, 3.46
[root@AONT: ONTUSER]# free
              total         used         free       shared      buffers
  Mem:       123328       121028         2300         6628         6304
 Swap:            0            0            0
Total:       123328       121028         2300
[root@AONT: ONTUSER]# free
              total         used         free       shared      buffers
  Mem:       123328       121000         2328         6628         6304
 Swap:            0            0            0
Total:       123328       121000         2328
[root@AONT: ONTUSER]# free
              total         used         free       shared      buffers
  Mem:       123328       121008         2320         6628         6304
 Swap:            0            0            0
Total:       123328       121008         2320
[root@AONT: ONTUSER]# free
              total         used         free       shared      buffers
  Mem:       123328       121028         2300         6628         6304
 Swap:            0            0            0
Total:       123328       121028         2300
[root@AONT: ONTUSER]# cat /proc/meminfo
MemTotal:         123328 kB
MemFree:            2320 kB
MemAvailable:      40888 kB
Buffers:            6304 kB
Cached:            40544 kB
SwapCached:            0 kB
Active:            54976 kB
Inactive:          19360 kB
Active(anon):      31200 kB
Inactive(anon):     2916 kB
Active(file):      23776 kB
Inactive(file):    16444 kB
Unevictable:           0 kB
Mlocked:               0 kB
SwapTotal:             0 kB
SwapFree:              0 kB
Dirty:                 0 kB
Writeback:             0 kB
AnonPages:         27528 kB
Mapped:            24656 kB
Shmem:              6628 kB
Slab:              23568 kB
SReclaimable:       3592 kB
SUnreclaim:        19976 kB
KernelStack:        2768 kB
PageTables:         1160 kB
NFS_Unstable:          0 kB
Bounce:                0 kB
WritebackTmp:          0 kB
CommitLimit:       61664 kB
Committed_AS:     607136 kB
VmallocTotal:    1048372 kB
VmallocUsed:        9704 kB
VmallocChunk:     980664 kB
IMEM Remains:    22988 Bytes
[root@AONT: ONTUSER]# cat /proc/meminfo
MemTotal:         123328 kB
MemFree:            2300 kB
MemAvailable:      40868 kB
Buffers:            6304 kB
Cached:            40544 kB
SwapCached:            0 kB
Active:            54976 kB
Inactive:          19364 kB
Active(anon):      31200 kB
Inactive(anon):     2920 kB
Active(file):      23776 kB
Inactive(file):    16444 kB
Unevictable:           0 kB
Mlocked:               0 kB
SwapTotal:             0 kB
SwapFree:              0 kB
Dirty:                 0 kB
Writeback:             0 kB
AnonPages:         27528 kB
Mapped:            24656 kB
Shmem:              6628 kB
Slab:              23568 kB
SReclaimable:       3592 kB
SUnreclaim:        19976 kB
KernelStack:        2768 kB
PageTables:         1160 kB
NFS_Unstable:          0 kB
Bounce:                0 kB
WritebackTmp:          0 kB
CommitLimit:       61664 kB
Committed_AS:     607136 kB
VmallocTotal:    1048372 kB
VmallocUsed:        9704 kB
VmallocChunk:     980664 kB
IMEM Remains:    22988 Bytes
[root@AONT: ONTUSER]# cat /proc/meminfo
MemTotal:         123328 kB
MemFree:            2328 kB
MemAvailable:      40896 kB
Buffers:            6304 kB
Cached:            40544 kB
SwapCached:            0 kB
Active:            54980 kB
Inactive:          19364 kB
Active(anon):      31204 kB
Inactive(anon):     2920 kB
Active(file):      23776 kB
Inactive(file):    16444 kB
Unevictable:           0 kB
Mlocked:               0 kB
SwapTotal:             0 kB
SwapFree:              0 kB
Dirty:                 0 kB
Writeback:             0 kB
AnonPages:         27528 kB
Mapped:            24656 kB
Shmem:              6628 kB
Slab:              23568 kB
SReclaimable:       3592 kB
SUnreclaim:        19976 kB
KernelStack:        2768 kB
PageTables:         1160 kB
NFS_Unstable:          0 kB
Bounce:                0 kB
WritebackTmp:          0 kB
CommitLimit:       61664 kB
Committed_AS:     607140 kB
VmallocTotal:    1048372 kB
VmallocUsed:        9704 kB
VmallocChunk:     980664 kB
IMEM Remains:    22988 Bytes
[root@AONT: ONTUSER]# cd /logs/core
-sh: cd: can't cd to /logs/core
[root@AONT: ONTUSER]# ls -lrt
[root@AONT: ONTUSER]# exit
Connection to 135.249.24.250 closed.
[ladmin@lab63102 TOOLS]$ rm -rf /home/ladmin/.ssh/known_hosts
[ladmin@lab63102 TOOLS]$ ssh -l ONTUSER 135.249.24.250 -p 50025
The authenticity of host '[135.249.24.250]:50025 ([135.249.24.250]:50025)' can't be established.
RSA key fingerprint is SHA256:Pe+DnajffARwLKsQVXaGjtfCXJr7zNd8TWSuxEyMlOg.
RSA key fingerprint is MD5:97:90:88:37:bb:b7:7b:9e:b4:ce:16:e7:48:2d:f6:9c.
Are you sure you want to continue connecting (yes/no)? yes
Warning: Permanently added '[135.249.24.250]:50025' (RSA) to the list of known hosts.
Login fail count since last successful login: 0
ONTUSER@135.249.24.250's password: 
Last successful login date and time: Date:2023-08-25 Time:16:42:50

[root@AONT: ONTUSER]# ritool dump
the Format:01
the MfrID:ALCL
the Factorycode:16
the HardwareVersion:3FE47779AAAA
the ICS:01
the YPSerialNum:    ALCLFA702932
the CleiCode:     00000
the Mnemonic:G-140W-F
the ProgDate:181101
the MACAddress:6c:ef:c6:59:b1:60
the DeviceIDPref:0000
the SWImage:005e
the OnuMode:0003
the G984Serial:fa702932
the HWConfiguration:0000000000000000
the PartNumber:3FE47780AAAA
the OperatorID:ALCL
the SLID:00000000000000000000000000000000
the CountryID:in
the GroupID:00000000
[root@AONT: ONTUSER]# cat /etc/buildinfo
ONT_TYPE=g140wc
PON_MODE=GPON
SOFTWAREVERSION=HJK.K58p02
PRODUCTCLASS=g140wc
RELEASE=0.0.0
BUILDSTAMP=
BUILDDATE=20230825_0218
COPYRIGHT=NOKIA
WHOBUILD=buildmgr
IMAGEVERSION=3FE47150HJKK58
NODE=8ddd8196c50d2e69e5042c2015ea3de7a94836df
REPO=sw
SIGN=n
SIGNER=NCG
VOIP=sip
CONFIG_VOIP_SW=
CVP_REVISION=a8fd95aa964918d16f345dc2a02329e1b67f279d
SDK_VERSION=3.0
[root@AONT: ONTUSER]# cat /etc/buildinfo
ONT_TYPE=g140wc
PON_MODE=GPON
SOFTWAREVERSION=HJK.K58p02
PRODUCTCLASS=g140wc
RELEASE=0.0.0
BUILDSTAMP=
BUILDDATE=20230825_0218
COPYRIGHT=NOKIA
WHOBUILD=buildmgr
IMAGEVERSION=3FE47150HJKK58
NODE=8ddd8196c50d2e69e5042c2015ea3de7a94836df
REPO=sw
SIGN=n
SIGNER=NCG
VOIP=sip
CONFIG_VOIP_SW=
CVP_REVISION=a8fd95aa964918d16f345dc2a02329e1b67f279d
SDK_VERSION=3.0
[root@AONT: ONTUSER]# cfgcli dumpwan
==============================================================================================
instance type  en mode        Status(IPv4/IPv6)               IPv4Addr        Netmask         IPv4Gateway                    IPv4DNS                 IPv6Addr             Prefix         IPv6Gateway          IPv6DNS                Name
010101   dhcp   1  1     Connected/Unconfigured       192.83.1.5   255.255.255.0               -                              -                                       -                                           -                                       -                                                                               -   1_INTERNET_OTHER_R_VID_881
010201   dhcp   1  1     Connected/Unconfigured        20.0.0.20   255.255.255.0      20.0.0.201                       20.0.0.3                                       -                                           -                                       -                                                                               -     2_VOIP_INTERNET_R_VID_30
010301   dhcp   1  1  Disconnected/Unconfigured                -               -               -                              -                                       -                                           -                                       -                                                                               -         3_INTERNET_R_VID_981
==============================================================================================
[root@AONT: ONTUSER]# uptime
 11:07:45 up 1 day, 18:46, load average: 4.25, 3.98, 3.97
[root@AONT: ONTUSER]# free
              total         used         free       shared      buffers
  Mem:       248828       222588        26240         6788         7448
 Swap:            0            0            0
Total:       248828       222588        26240
[root@AONT: ONTUSER]# free
              total         used         free       shared      buffers
  Mem:       248828       222376        26452         6792         7448
 Swap:            0            0            0
Total:       248828       222376        26452
[root@AONT: ONTUSER]# free
              total         used         free       shared      buffers
  Mem:       248828       222588        26240         6792         7448
 Swap:            0            0            0
Total:       248828       222588        26240
[root@AONT: ONTUSER]# free
              total         used         free       shared      buffers
  Mem:       248828       222556        26272         6796         7448
 Swap:            0            0            0
Total:       248828       222556        26272
[root@AONT: ONTUSER]# cat /proc/meminfo
MemTotal:         248828 kB
MemFree:           26200 kB
MemAvailable:      74780 kB
Buffers:            7448 kB
Cached:            50948 kB
SwapCached:            0 kB
Active:            53516 kB
Inactive:          35624 kB
Active(anon):      34548 kB
Inactive(anon):     2992 kB
Active(file):      18968 kB
Inactive(file):    32632 kB
Unevictable:           0 kB
Mlocked:               0 kB
SwapTotal:             0 kB
SwapFree:              0 kB
Dirty:                 8 kB
Writeback:             0 kB
AnonPages:         30780 kB
Mapped:            32856 kB
Shmem:              6796 kB
Slab:              99816 kB
SReclaimable:       3908 kB
SUnreclaim:        95908 kB
KernelStack:        3152 kB
PageTables:         1300 kB
NFS_Unstable:          0 kB
Bounce:                0 kB
WritebackTmp:          0 kB
CommitLimit:      124412 kB
Committed_AS:     709264 kB
VmallocTotal:    1048372 kB
VmallocUsed:       20712 kB
VmallocChunk:     966940 kB
IMEM Remains:     8952 Bytes
[root@AONT: ONTUSER]# cat /proc/meminfo
MemTotal:         248828 kB
MemFree:           26256 kB
MemAvailable:      74836 kB
Buffers:            7448 kB
Cached:            50948 kB
SwapCached:            0 kB
Active:            53444 kB
Inactive:          35624 kB
Active(anon):      34476 kB
Inactive(anon):     2992 kB
Active(file):      18968 kB
Inactive(file):    32632 kB
Unevictable:           0 kB
Mlocked:               0 kB
SwapTotal:             0 kB
SwapFree:              0 kB
Dirty:                 8 kB
Writeback:             0 kB
AnonPages:         30744 kB
Mapped:            32856 kB
Shmem:              6796 kB
Slab:              99832 kB
SReclaimable:       3908 kB
SUnreclaim:        95924 kB
KernelStack:        3152 kB
PageTables:         1300 kB
NFS_Unstable:          0 kB
Bounce:                0 kB
WritebackTmp:          0 kB
CommitLimit:      124412 kB
Committed_AS:     708908 kB
VmallocTotal:    1048372 kB
VmallocUsed:       20712 kB
VmallocChunk:     966940 kB
IMEM Remains:     8952 Bytes
[root@AONT: ONTUSER]# cat /proc/meminfo
MemTotal:         248828 kB
MemFree:           26256 kB
MemAvailable:      74836 kB
Buffers:            7448 kB
Cached:            50948 kB
SwapCached:            0 kB
Active:            53444 kB
Inactive:          35624 kB
Active(anon):      34476 kB
Inactive(anon):     2992 kB
Active(file):      18968 kB
Inactive(file):    32632 kB
Unevictable:           0 kB
Mlocked:               0 kB
SwapTotal:             0 kB
SwapFree:              0 kB
Dirty:                 0 kB
Writeback:             0 kB
AnonPages:         30744 kB
Mapped:            32856 kB
Shmem:              6796 kB
Slab:              99832 kB
SReclaimable:       3908 kB
SUnreclaim:        95924 kB
KernelStack:        3152 kB
PageTables:         1300 kB
NFS_Unstable:          0 kB
Bounce:                0 kB
WritebackTmp:          0 kB
CommitLimit:      124412 kB
Committed_AS:     708908 kB
VmallocTotal:    1048372 kB
VmallocUsed:       20712 kB
VmallocChunk:     966940 kB
IMEM Remains:     8952 Bytes
[root@AONT: ONTUSER]# cd /logs/core
-sh: cd: can't cd to /logs/core
[root@AONT: ONTUSER]# ls -lrt
[root@AONT: ONTUSER]# exit
Connection to 135.249.24.250 closed.
[ladmin@lab63102 TOOLS]$ rm -rf /home/ladmin/.ssh/known_hosts
[ladmin@lab63102 TOOLS]$ ssh -l ONTUSER 135.249.24.250 -p 50026
The authenticity of host '[135.249.24.250]:50026 ([135.249.24.250]:50026)' can't be established.
RSA key fingerprint is SHA256:mGvz+vSpMJkZSZj2umVc+SIbRH76SkU9Yh7UMiUjayE.
RSA key fingerprint is MD5:86:f9:f3:d3:e8:1a:7b:9c:a0:5e:82:ff:83:8c:87:51.
Are you sure you want to continue connecting (yes/no)? yes
Warning: Permanently added '[135.249.24.250]:50026' (RSA) to the list of known hosts.
Login fail count since last successful login: 0
ONTUSER@135.249.24.250's password: 
Last successful login date and time: Date:2023-08-25 Time:16:44:45

[root@AONT: ONTUSER]# ritool dump
the Format:01
the MfrID:ALCL
the Factorycode:00
the HardwareVersion:3FE47831AAAA
the ICS:01
the YPSerialNum:        B3005282
the CleiCode:0000000000
the Mnemonic:G-140W-G
the ProgDate:160101
the MACAddress:30:df:8d:13:44:00
the DeviceIDPref:0000
the SWImage:005e
the OnuMode:0003
the G984Serial:b3005282
the HWConfiguration:0000000000000000
the PartNumber:3FE47832AAAA
the OperatorID:WLNP
the SLID:30303030303030303030303030303030
the CountryID:eu
the GroupID:30303030
[root@AONT: ONTUSER]# cat /etc/buildinfo
ONT_TYPE=g240wf
PON_MODE=GPON
SOFTWAREVERSION=HJK.K58p02
PRODUCTCLASS=g240wf
RELEASE=0.0.0
BUILDSTAMP=
BUILDDATE=20230825_0240
COPYRIGHT=NOKIA
WHOBUILD=buildmgr
IMAGEVERSION=3FE46606HJKK58
NODE=8ddd8196c50d2e69e5042c2015ea3de7a94836df
REPO=sw
SIGN=y
SIGNER=NCG
VOIP=sip
CONFIG_VOIP_SW=
CVP_REVISION=a8fd95aa964918d16f345dc2a02329e1b67f279d
SDK_VERSION=3.0
[root@AONT: ONTUSER]# cat /etc/buildinfo
ONT_TYPE=g240wf
PON_MODE=GPON
SOFTWAREVERSION=HJK.K58p02
PRODUCTCLASS=g240wf
RELEASE=0.0.0
BUILDSTAMP=
BUILDDATE=20230825_0240
COPYRIGHT=NOKIA
WHOBUILD=buildmgr
IMAGEVERSION=3FE46606HJKK58
NODE=8ddd8196c50d2e69e5042c2015ea3de7a94836df
REPO=sw
SIGN=y
SIGNER=NCG
VOIP=sip
CONFIG_VOIP_SW=
CVP_REVISION=a8fd95aa964918d16f345dc2a02329e1b67f279d
SDK_VERSION=3.0
[root@AONT: ONTUSER]# cfgcli dumpwan
==============================================================================================
instance type  en mode        Status(IPv4/IPv6)               IPv4Addr        Netmask         IPv4Gateway                    IPv4DNS                 IPv6Addr             Prefix         IPv6Gateway          IPv6DNS                Name
010101   dhcp   1  1     Connected/Unconfigured       192.82.1.6   255.255.255.0               -                              -                                       -                                           -                                       -                                                                               -   1_INTERNET_OTHER_R_VID_881
010201   dhcp   1  1     Connected/Unconfigured        20.0.0.22   255.255.255.0      20.0.0.201                       20.0.0.3                                       -                                           -                                       -                                                                               -     2_VOIP_INTERNET_R_VID_30
==============================================================================================
[root@AONT: ONTUSER]# uptime
 11:09:40 up 1 day, 18:48, load average: 5.26, 4.53, 3.99
[root@AONT: ONTUSER]# free
              total         used         free       shared      buffers
  Mem:       252544       147840       104704         7700         7076
 Swap:            0            0            0
Total:       252544       147840       104704
[root@AONT: ONTUSER]# free
              total         used         free       shared      buffers
  Mem:       252544       148020       104524         7836         7076
 Swap:            0            0            0
Total:       252544       148020       104524
[root@AONT: ONTUSER]# free
              total         used         free       shared      buffers
  Mem:       252544       148020       104524         7836         7076
 Swap:            0            0            0
Total:       252544       148020       104524
[root@AONT: ONTUSER]# free
              total         used         free       shared      buffers
  Mem:       252544       148020       104524         7836         7076
 Swap:            0            0            0
Total:       252544       148020       104524
[root@AONT: ONTUSER]# cat /proc/meminfo
MemTotal:         252544 kB
MemFree:          104524 kB
MemAvailable:     153888 kB
Buffers:            7076 kB
Cached:            53280 kB
SwapCached:            0 kB
Active:            53692 kB
Inactive:          34128 kB
Active(anon):      32300 kB
Inactive(anon):     3000 kB
Active(file):      21392 kB
Inactive(file):    31128 kB
Unevictable:           0 kB
Mlocked:               0 kB
SwapTotal:             0 kB
SwapFree:              0 kB
Dirty:                 0 kB
Writeback:             0 kB
AnonPages:         27508 kB
Mapped:            31424 kB
Shmem:              7836 kB
Slab:              29444 kB
SReclaimable:       3720 kB
SUnreclaim:        25724 kB
KernelStack:        2848 kB
PageTables:         1192 kB
NFS_Unstable:          0 kB
Bounce:                0 kB
WritebackTmp:          0 kB
CommitLimit:      126272 kB
Committed_AS:     607708 kB
VmallocTotal:    1048372 kB
VmallocUsed:       17336 kB
VmallocChunk:     968452 kB
IMEM Remains:    22004 Bytes
[root@AONT: ONTUSER]# cat /proc/meminfo
MemTotal:         252544 kB
MemFree:          104524 kB
MemAvailable:     153888 kB
Buffers:            7076 kB
Cached:            53280 kB
SwapCached:            0 kB
Active:            53692 kB
Inactive:          34128 kB
Active(anon):      32300 kB
Inactive(anon):     3000 kB
Active(file):      21392 kB
Inactive(file):    31128 kB
Unevictable:           0 kB
Mlocked:               0 kB
SwapTotal:             0 kB
SwapFree:              0 kB
Dirty:                 0 kB
Writeback:             0 kB
AnonPages:         27508 kB
Mapped:            31424 kB
Shmem:              7836 kB
Slab:              29444 kB
SReclaimable:       3720 kB
SUnreclaim:        25724 kB
KernelStack:        2848 kB
PageTables:         1192 kB
NFS_Unstable:          0 kB
Bounce:                0 kB
WritebackTmp:          0 kB
CommitLimit:      126272 kB
Committed_AS:     607708 kB
VmallocTotal:    1048372 kB
VmallocUsed:       17336 kB
VmallocChunk:     968452 kB
IMEM Remains:    22004 Bytes
[root@AONT: ONTUSER]# cat /proc/meminfo
MemTotal:         252544 kB
MemFree:          104524 kB
MemAvailable:     153888 kB
Buffers:            7076 kB
Cached:            53280 kB
SwapCached:            0 kB
Active:            53692 kB
Inactive:          34128 kB
Active(anon):      32300 kB
Inactive(anon):     3000 kB
Active(file):      21392 kB
Inactive(file):    31128 kB
Unevictable:           0 kB
Mlocked:               0 kB
SwapTotal:             0 kB
SwapFree:              0 kB
Dirty:                 0 kB
Writeback:             0 kB
AnonPages:         27508 kB
Mapped:            31424 kB
Shmem:              7836 kB
Slab:              29448 kB
SReclaimable:       3720 kB
SUnreclaim:        25728 kB
KernelStack:        2848 kB
PageTables:         1192 kB
NFS_Unstable:          0 kB
Bounce:                0 kB
WritebackTmp:          0 kB
CommitLimit:      126272 kB
Committed_AS:     607708 kB
VmallocTotal:    1048372 kB
VmallocUsed:       17336 kB
VmallocChunk:     968452 kB
IMEM Remains:    22004 Bytes
[root@AONT: ONTUSER]# cd /logs/core
-sh: cd: can't cd to /logs/core
[root@AONT: ONTUSER]# ls -lrt
[root@AONT: ONTUSER]# exit
Connection to 135.249.24.250 closed.
[ladmin@lab63102 TOOLS]$ rm -rf /home/ladmin/.ssh/known_hosts
[ladmin@lab63102 TOOLS]$ ssh -l ONTUSER 135.249.24.250 -p 50027
The authenticity of host '[135.249.24.250]:50027 ([135.249.24.250]:50027)' can't be established.
RSA key fingerprint is SHA256:/F+sIyceB6nvDh7tBcuVgunQ6xmVH1vWld39N274FQE.
RSA key fingerprint is MD5:f4:38:1e:72:f6:8b:41:39:2c:f4:dd:4d:7c:4f:a3:b3.
Are you sure you want to continue connecting (yes/no)? yes
Warning: Permanently added '[135.249.24.250]:50027' (RSA) to the list of known hosts.
Login fail count since last successful login: 0
ONTUSER@135.249.24.250's password: 
Last successful login date and time: Date:2023-08-25 Time:16:46:39

[root@AONT: ONTUSER]# ritool dump
the Format:01
the MfrID:ALCL
the Factorycode:03
the HardwareVersion:3FE46921AAAA
the ICS:01
the YPSerialNum:     YP1744086D1
the CleiCode:     00000
the Mnemonic:G-120W-F
the ProgDate:171114
the MACAddress:a0:9d:86:7c:5f:40
the DeviceIDPref:0000
the SWImage:005e
the OnuMode:0003
the G984Serial:fa4a361a
the HWConfiguration:0000000000000000
the PartNumber:3FE46922AAAA
the OperatorID:ALCL
the SLID:00000000000000000000000000000000
the CountryID:eu
the GroupID:00000000
[root@AONT: ONTUSER]# cat /etc/buildinfo
ONT_TYPE=g240wf
PON_MODE=GPON
SOFTWAREVERSION=HJK.K58p02
PRODUCTCLASS=g240wf
RELEASE=0.0.0
BUILDSTAMP=
BUILDDATE=20230825_0240
COPYRIGHT=NOKIA
WHOBUILD=buildmgr
IMAGEVERSION=3FE46606HJKK58
NODE=8ddd8196c50d2e69e5042c2015ea3de7a94836df
REPO=sw
SIGN=y
SIGNER=NCG
VOIP=sip
CONFIG_VOIP_SW=
CVP_REVISION=a8fd95aa964918d16f345dc2a02329e1b67f279d
SDK_VERSION=3.0
[root@AONT: ONTUSER]# cat /etc/buildinfo
ONT_TYPE=g240wf
PON_MODE=GPON
SOFTWAREVERSION=HJK.K58p02
PRODUCTCLASS=g240wf
RELEASE=0.0.0
BUILDSTAMP=
BUILDDATE=20230825_0240
COPYRIGHT=NOKIA
WHOBUILD=buildmgr
IMAGEVERSION=3FE46606HJKK58
NODE=8ddd8196c50d2e69e5042c2015ea3de7a94836df
REPO=sw
SIGN=y
SIGNER=NCG
VOIP=sip
CONFIG_VOIP_SW=
CVP_REVISION=a8fd95aa964918d16f345dc2a02329e1b67f279d
SDK_VERSION=3.0
[root@AONT: ONTUSER]# cfgcli dumpwan
==============================================================================================
instance type  en mode        Status(IPv4/IPv6)               IPv4Addr        Netmask         IPv4Gateway                    IPv4DNS                 IPv6Addr             Prefix         IPv6Gateway          IPv6DNS                Name
010201   dhcp   1  1     Connected/Unconfigured       192.94.1.7   255.255.255.0               -                              -                                       -                                           -                                       -                                                                               -   2_INTERNET_OTHER_R_VID_881
010301   dhcp   1  1     Connected/Unconfigured        20.0.0.17   255.255.255.0      20.0.0.201                       20.0.0.3                                       -                                           -                                       -                                                                               -     3_VOIP_INTERNET_R_VID_30
==============================================================================================
[root@AONT: ONTUSER]# uptime
 11:11:34 up 1 day, 18:37, load average: 4.96, 4.83, 4.09
[root@AONT: ONTUSER]# free
              total         used         free       shared      buffers
  Mem:       252544       145148       107396         6420         7292
 Swap:            0            0            0
Total:       252544       145148       107396
[root@AONT: ONTUSER]# free
              total         used         free       shared      buffers
  Mem:       252544       145148       107396         6420         7292
 Swap:            0            0            0
Total:       252544       145148       107396
[root@AONT: ONTUSER]# free
              total         used         free       shared      buffers
  Mem:       252544       145148       107396         6420         7292
 Swap:            0            0            0
Total:       252544       145148       107396
[root@AONT: ONTUSER]# free
              total         used         free       shared      buffers
  Mem:       252544       145104       107440         6420         7292
 Swap:            0            0            0
Total:       252544       145104       107440
[root@AONT: ONTUSER]# cat /proc/meminfo
MemTotal:         252544 kB
MemFree:          107396 kB
MemAvailable:     155808 kB
Buffers:            7292 kB
Cached:            50704 kB
SwapCached:            0 kB
Active:            51296 kB
Inactive:          35480 kB
Active(anon):      32204 kB
Inactive(anon):     2996 kB
Active(file):      19092 kB
Inactive(file):    32484 kB
Unevictable:           0 kB
Mlocked:               0 kB
SwapTotal:             0 kB
SwapFree:              0 kB
Dirty:                 0 kB
Writeback:             0 kB
AnonPages:         28832 kB
Mapped:            32788 kB
Shmem:              6420 kB
Slab:              28640 kB
SReclaimable:       3700 kB
SUnreclaim:        24940 kB
KernelStack:        2928 kB
PageTables:         1224 kB
NFS_Unstable:          0 kB
Bounce:                0 kB
WritebackTmp:          0 kB
CommitLimit:      126272 kB
Committed_AS:     657564 kB
VmallocTotal:    1048372 kB
VmallocUsed:       16224 kB
VmallocChunk:     974096 kB
IMEM Remains:    22004 Bytes
[root@AONT: ONTUSER]# cat /proc/meminfo
MemTotal:         252544 kB
MemFree:          107396 kB
MemAvailable:     155808 kB
Buffers:            7292 kB
Cached:            50704 kB
SwapCached:            0 kB
Active:            51296 kB
Inactive:          35480 kB
Active(anon):      32204 kB
Inactive(anon):     2996 kB
Active(file):      19092 kB
Inactive(file):    32484 kB
Unevictable:           0 kB
Mlocked:               0 kB
SwapTotal:             0 kB
SwapFree:              0 kB
Dirty:                 0 kB
Writeback:             0 kB
AnonPages:         28832 kB
Mapped:            32788 kB
Shmem:              6420 kB
Slab:              28640 kB
SReclaimable:       3700 kB
SUnreclaim:        24940 kB
KernelStack:        2928 kB
PageTables:         1224 kB
NFS_Unstable:          0 kB
Bounce:                0 kB
WritebackTmp:          0 kB
CommitLimit:      126272 kB
Committed_AS:     657208 kB
VmallocTotal:    1048372 kB
VmallocUsed:       16224 kB
VmallocChunk:     974096 kB
IMEM Remains:    22004 Bytes
[root@AONT: ONTUSER]# cat /proc/meminfo
MemTotal:         252544 kB
MemFree:          107396 kB
MemAvailable:     155808 kB
Buffers:            7292 kB
Cached:            50704 kB
SwapCached:            0 kB
Active:            51296 kB
Inactive:          35480 kB
Active(anon):      32204 kB
Inactive(anon):     2996 kB
Active(file):      19092 kB
Inactive(file):    32484 kB
Unevictable:           0 kB
Mlocked:               0 kB
SwapTotal:             0 kB
SwapFree:              0 kB
Dirty:                 0 kB
Writeback:             0 kB
AnonPages:         28832 kB
Mapped:            32788 kB
Shmem:              6420 kB
Slab:              28640 kB
SReclaimable:       3700 kB
SUnreclaim:        24940 kB
KernelStack:        2928 kB
PageTables:         1224 kB
NFS_Unstable:          0 kB
Bounce:                0 kB
WritebackTmp:          0 kB
CommitLimit:      126272 kB
Committed_AS:     657208 kB
VmallocTotal:    1048372 kB
VmallocUsed:       16224 kB
VmallocChunk:     974096 kB
IMEM Remains:    22004 Bytes
[root@AONT: ONTUSER]# cd /logs/core
-sh: cd: can't cd to /logs/core
[root@AONT: ONTUSER]# ls -lrt
[root@AONT: ONTUSER]# exit
Connection to 135.249.24.250 closed.
[ladmin@lab63102 TOOLS]$ rm -rf /home/ladmin/.ssh/known_hosts
[ladmin@lab63102 TOOLS]$ ssh -l ONTUSER 135.249.24.250 -p 50028
The authenticity of host '[135.249.24.250]:50028 ([135.249.24.250]:50028)' can't be established.
RSA key fingerprint is SHA256:CFaRIluq5wSzZqGy3H7kZEMQflsu0ylnEniTZvXP5VY.
RSA key fingerprint is MD5:1c:77:f6:a5:ba:4f:2b:83:b2:d9:d9:39:1b:8c:19:40.
Are you sure you want to continue connecting (yes/no)? yes
Warning: Permanently added '[135.249.24.250]:50028' (RSA) to the list of known hosts.
Login fail count since last successful login: 0
ONTUSER@135.249.24.250's password: 
Last successful login date and time: Date:2023-08-25 Time:16:48:34

[root@AONT: ONTUSER]# ritool dump
the Format:01
the MfrID:ALCL
the Factorycode:16
the HardwareVersion:3FE48054AAAA
the ICS:01
the YPSerialNum:    ALCLFBC8606F
the CleiCode:0000000000
the Mnemonic:G-140W-H
the ProgDate:200116
the MACAddress:08:9c:86:af:de:f4
the DeviceIDPref:0000
the SWImage:005e
the OnuMode:0003
the G984Serial:fbc8606f
the HWConfiguration:0000000000000000
the PartNumber:3FE48055AAAA
the OperatorID:ALCL
the SLID:00000000000000000000000000000000
the CountryID:br
the GroupID:00000000
[root@AONT: ONTUSER]# cat /etc/buildinfo
ONT_TYPE=g140wh
PON_MODE=GPON
SOFTWAREVERSION=HJK.K35p02
PRODUCTCLASS=g140wh
RELEASE=0.0.0
BUILDSTAMP=
BUILDDATE=20230824_1637
COPYRIGHT=NOKIA
WHOBUILD=buildmgr
IMAGEVERSION=3FE48077HJKK35
NODE=9922641749181a12e801b0e9db4972937def5286
REPO=sw
SIGN=n
SIGNER=NCG
VOIP=sip
CONFIG_VOIP_SW=cvp
CVP_REVISION=e5e4bd179872e9ac5f950b50bf3a3d6a24b1ef8b
SDK_VERSION=502L04
[root@AONT: ONTUSER]# cat /etc/buildinfo
ONT_TYPE=g140wh
PON_MODE=GPON
SOFTWAREVERSION=HJK.K35p02
PRODUCTCLASS=g140wh
RELEASE=0.0.0
BUILDSTAMP=
BUILDDATE=20230824_1637
COPYRIGHT=NOKIA
WHOBUILD=buildmgr
IMAGEVERSION=3FE48077HJKK35
NODE=9922641749181a12e801b0e9db4972937def5286
REPO=sw
SIGN=n
SIGNER=NCG
VOIP=sip
CONFIG_VOIP_SW=cvp
CVP_REVISION=e5e4bd179872e9ac5f950b50bf3a3d6a24b1ef8b
SDK_VERSION=502L04
[root@AONT: ONTUSER]# cfgcli dumpwan
==============================================================================================
instance type  en mode        Status(IPv4/IPv6)               IPv4Addr        Netmask         IPv4Gateway                    IPv4DNS                 IPv6Addr             Prefix         IPv6Gateway          IPv6DNS                Name
010101   dhcp   1  1     Connected/Unconfigured      192.112.1.8   255.255.255.0               -                              -                                       -                                           -                                       -                                                                               -   1_INTERNET_OTHER_R_VID_881
010201   dhcp   1  1     Connected/Unconfigured        20.0.0.13   255.255.255.0      20.0.0.201                       20.0.0.3                                       -                                           -                                       -                                                                               -     2_VOIP_INTERNET_R_VID_30
==============================================================================================
[root@AONT: ONTUSER]# uptime
 11:13:29 up 1 day, 18:52, load average: 5.28, 5.20, 5.10
[root@AONT: ONTUSER]# free
              total         used         free       shared      buffers
  Mem:       487164       274452       212712        11564         7900
 Swap:            0            0            0
Total:       487164       274452       212712
[root@AONT: ONTUSER]# free
              total         used         free       shared      buffers
  Mem:       487164       275048       212116        11616         7900
 Swap:            0            0            0
Total:       487164       275048       212116
[root@AONT: ONTUSER]# free
              total         used         free       shared      buffers
  Mem:       487164       274364       212800        11632         7900
 Swap:            0            0            0
Total:       487164       274364       212800
[root@AONT: ONTUSER]# free
              total         used         free       shared      buffers
  Mem:       487164       274144       213020        11672         7900
 Swap:            0            0            0
Total:       487164       274144       213020
[root@AONT: ONTUSER]# cat /proc/meminfo
MemTotal:         487164 kB
MemFree:          212616 kB
MemAvailable:     273924 kB
Buffers:            7900 kB
Cached:            64920 kB
SwapCached:            0 kB
Active:            88640 kB
Inactive:          33624 kB
Active(anon):      57116 kB
Inactive(anon):     4004 kB
Active(file):      31524 kB
Inactive(file):    29620 kB
Unevictable:           0 kB
Mlocked:               0 kB
SwapTotal:             0 kB
SwapFree:              0 kB
Dirty:                 4 kB
Writeback:             0 kB
AnonPages:         49480 kB
Mapped:            31380 kB
Shmem:             11676 kB
Slab:             119276 kB
SReclaimable:       5036 kB
SUnreclaim:       114240 kB
KernelStack:        2144 kB
PageTables:         2716 kB
NFS_Unstable:          0 kB
Bounce:                0 kB
WritebackTmp:          0 kB
CommitLimit:      243580 kB
Committed_AS:    1015984 kB
VmallocTotal:     499712 kB
VmallocUsed:       31564 kB
VmallocChunk:     419608 kB
[root@AONT: ONTUSER]# cat /proc/meminfo
MemTotal:         487164 kB
MemFree:          213160 kB
MemAvailable:     274472 kB
Buffers:            7900 kB
Cached:            64920 kB
SwapCached:            0 kB
Active:            88592 kB
Inactive:          33620 kB
Active(anon):      57064 kB
Inactive(anon):     4000 kB
Active(file):      31528 kB
Inactive(file):    29620 kB
Unevictable:           0 kB
Mlocked:               0 kB
SwapTotal:             0 kB
SwapFree:              0 kB
Dirty:                 8 kB
Writeback:             0 kB
AnonPages:         49376 kB
Mapped:            31380 kB
Shmem:             11672 kB
Slab:             119280 kB
SReclaimable:       5036 kB
SUnreclaim:       114244 kB
KernelStack:        2144 kB
PageTables:         2724 kB
NFS_Unstable:          0 kB
Bounce:                0 kB
WritebackTmp:          0 kB
CommitLimit:      243580 kB
Committed_AS:    1016456 kB
VmallocTotal:     499712 kB
VmallocUsed:       31564 kB
VmallocChunk:     419608 kB
[root@AONT: ONTUSER]# cat /proc/meminfo
MemTotal:         487164 kB
MemFree:          214216 kB
MemAvailable:     275532 kB
Buffers:            7900 kB
Cached:            63672 kB
SwapCached:            0 kB
Active:            87372 kB
Inactive:          33596 kB
Active(anon):      55840 kB
Inactive(anon):     3976 kB
Active(file):      31532 kB
Inactive(file):    29620 kB
Unevictable:           0 kB
Mlocked:               0 kB
SwapTotal:             0 kB
SwapFree:              0 kB
Dirty:                20 kB
Writeback:             0 kB
AnonPages:         49420 kB
Mapped:            31412 kB
Shmem:             10420 kB
Slab:             119296 kB
SReclaimable:       5036 kB
SUnreclaim:       114260 kB
KernelStack:        2160 kB
PageTables:         2772 kB
NFS_Unstable:          0 kB
Bounce:                0 kB
WritebackTmp:          0 kB
CommitLimit:      243580 kB
Committed_AS:    1015376 kB
VmallocTotal:     499712 kB
VmallocUsed:       31564 kB
VmallocChunk:     419608 kB
[root@AONT: ONTUSER]# cd /logs/core
[root@AONT: core]# ls -lrt
[root@AONT: core]# exit
Connection to 135.249.24.250 closed.
[ladmin@lab63102 TOOLS]$ rm -rf /home/ladmin/.ssh/known_hosts
[ladmin@lab63102 TOOLS]$ ssh -l ONTUSER 135.249.24.250 -p 50029
The authenticity of host '[135.249.24.250]:50029 ([135.249.24.250]:50029)' can't be established.
RSA key fingerprint is SHA256:4YxjWPLBawwQDpfzQhjClPWNUhope07UkyDB6uUShPk.
RSA key fingerprint is MD5:94:c6:4f:98:61:c0:c7:12:2a:67:25:86:1b:2a:e0:81.
Are you sure you want to continue connecting (yes/no)? yes
Warning: Permanently added '[135.249.24.250]:50029' (RSA) to the list of known hosts.
Login fail count since last successful login: 0
ONTUSER@135.249.24.250's password: 
Last successful login date and time: Date:1970-01-01 Time:04:29:17

[root@AONT: ONTUSER]# ritool dump
the Format:01
the MfrID:ALCL
the Factorycode:16
the HardwareVersion:3FE48153BAAA
the ICS:01
the YPSerialNum:    ALCLFBC3CC84
the CleiCode:0000000000
the Mnemonic:G-240G-E
the ProgDate:190820
the MACAddress:98:86:5d:f4:55:e0
the DeviceIDPref:0000
the SWImage:005e
the OnuMode:0003
the G984Serial:fbc3cc84
the HWConfiguration:0000000000000000
the PartNumber:3FE48157AAAA
the OperatorID:DUXX
the SLID:00000000000000000000000000000000
the CountryID:01
the GroupID:00000000
[root@AONT: ONTUSER]# cat /etc/buildinfo
ONT_TYPE=g240wf
PON_MODE=GPON
SOFTWAREVERSION=HJK.K58p02
PRODUCTCLASS=g240wf
RELEASE=0.0.0
BUILDSTAMP=
BUILDDATE=20230825_0240
COPYRIGHT=NOKIA
WHOBUILD=buildmgr
IMAGEVERSION=3FE46606HJKK58
NODE=8ddd8196c50d2e69e5042c2015ea3de7a94836df
REPO=sw
SIGN=y
SIGNER=NCG
VOIP=sip
CONFIG_VOIP_SW=
CVP_REVISION=a8fd95aa964918d16f345dc2a02329e1b67f279d
SDK_VERSION=3.0
[root@AONT: ONTUSER]# cat /etc/buildinfo
ONT_TYPE=g240wf
PON_MODE=GPON
SOFTWAREVERSION=HJK.K58p02
PRODUCTCLASS=g240wf
RELEASE=0.0.0
BUILDSTAMP=
BUILDDATE=20230825_0240
COPYRIGHT=NOKIA
WHOBUILD=buildmgr
IMAGEVERSION=3FE46606HJKK58
NODE=8ddd8196c50d2e69e5042c2015ea3de7a94836df
REPO=sw
SIGN=y
SIGNER=NCG
VOIP=sip
CONFIG_VOIP_SW=
CVP_REVISION=a8fd95aa964918d16f345dc2a02329e1b67f279d
SDK_VERSION=3.0
[root@AONT: ONTUSER]# cfgcli dumpwan
==============================================================================================
instance type  en mode        Status(IPv4/IPv6)               IPv4Addr        Netmask         IPv4Gateway                    IPv4DNS                 IPv6Addr             Prefix         IPv6Gateway          IPv6DNS                Name
010101   dhcp   1  1     Connected/Unconfigured      192.99.1.10   255.255.255.0               -                              -                                       -                                           -                                       -                                                                               -   1_INTERNET_OTHER_R_VID_881
010201   dhcp   1  1     Connected/Unconfigured       20.0.0.166   255.255.255.0      20.0.0.201                       20.0.0.3                                       -                                           -                                       -                                                                               -     2_VOIP_INTERNET_R_VID_30
==============================================================================================
[root@AONT: ONTUSER]# uptime
 22:54:19 up 1 day, 18:54, load average: 5.03, 3.88, 3.77
[root@AONT: ONTUSER]# free
              total         used         free       shared      buffers
  Mem:       252544       136600       115944         7092         7712
 Swap:            0            0            0
Total:       252544       136600       115944
[root@AONT: ONTUSER]# free
              total         used         free       shared      buffers
  Mem:       252544       136600       115944         7092         7712
 Swap:            0            0            0
Total:       252544       136600       115944
[root@AONT: ONTUSER]# free
              total         used         free       shared      buffers
  Mem:       252544       136600       115944         7092         7712
 Swap:            0            0            0
Total:       252544       136600       115944
[root@AONT: ONTUSER]# free
              total         used         free       shared      buffers
  Mem:       252544       136480       116064         7092         7712
 Swap:            0            0            0
Total:       252544       136480       116064
[root@AONT: ONTUSER]# cat /proc/meminfo
MemTotal:         252544 kB
MemFree:          115828 kB
MemAvailable:     163072 kB
Buffers:            7712 kB
Cached:            49720 kB
SwapCached:            0 kB
Active:            50652 kB
Inactive:          33836 kB
Active(anon):      31152 kB
Inactive(anon):     3000 kB
Active(file):      19500 kB
Inactive(file):    30836 kB
Unevictable:           0 kB
Mlocked:               0 kB
SwapTotal:             0 kB
SwapFree:              0 kB
Dirty:                24 kB
Writeback:             0 kB
AnonPages:         27132 kB
Mapped:            30808 kB
Shmem:              7092 kB
Slab:              24236 kB
SReclaimable:       3844 kB
SUnreclaim:        20392 kB
KernelStack:        2896 kB
PageTables:         1224 kB
NFS_Unstable:          0 kB
Bounce:                0 kB
WritebackTmp:          0 kB
CommitLimit:      126272 kB
Committed_AS:     599368 kB
VmallocTotal:    1048372 kB
VmallocUsed:       13652 kB
VmallocChunk:     976704 kB
IMEM Remains:    22004 Bytes
[root@AONT: ONTUSER]# cat /proc/meminfo
MemTotal:         252544 kB
MemFree:          115828 kB
MemAvailable:     163076 kB
Buffers:            7712 kB
Cached:            49720 kB
SwapCached:            0 kB
Active:            50652 kB
Inactive:          33840 kB
Active(anon):      31152 kB
Inactive(anon):     3000 kB
Active(file):      19500 kB
Inactive(file):    30840 kB
Unevictable:           0 kB
Mlocked:               0 kB
SwapTotal:             0 kB
SwapFree:              0 kB
Dirty:                24 kB
Writeback:             0 kB
AnonPages:         27132 kB
Mapped:            30808 kB
Shmem:              7092 kB
Slab:              24236 kB
SReclaimable:       3844 kB
SUnreclaim:        20392 kB
KernelStack:        2896 kB
PageTables:         1224 kB
NFS_Unstable:          0 kB
Bounce:                0 kB
WritebackTmp:          0 kB
CommitLimit:      126272 kB
Committed_AS:     599368 kB
VmallocTotal:    1048372 kB
VmallocUsed:       13652 kB
VmallocChunk:     976704 kB
IMEM Remains:    22004 Bytes
[root@AONT: ONTUSER]# cat /proc/meminfo
MemTotal:         252544 kB
MemFree:          115932 kB
MemAvailable:     163180 kB
Buffers:            7712 kB
Cached:            49720 kB
SwapCached:            0 kB
Active:            50652 kB
Inactive:          33836 kB
Active(anon):      31152 kB
Inactive(anon):     2996 kB
Active(file):      19500 kB
Inactive(file):    30840 kB
Unevictable:           0 kB
Mlocked:               0 kB
SwapTotal:             0 kB
SwapFree:              0 kB
Dirty:                24 kB
Writeback:             0 kB
AnonPages:         27132 kB
Mapped:            30808 kB
Shmem:              7092 kB
Slab:              24236 kB
SReclaimable:       3844 kB
SUnreclaim:        20392 kB
KernelStack:        2896 kB
PageTables:         1224 kB
NFS_Unstable:          0 kB
Bounce:                0 kB
WritebackTmp:          0 kB
CommitLimit:      126272 kB
Committed_AS:     599024 kB
VmallocTotal:    1048372 kB
VmallocUsed:       13652 kB
VmallocChunk:     976704 kB
IMEM Remains:    22004 Bytes
[root@AONT: ONTUSER]# cd /logs/core
-sh: cd: can't cd to /logs/core
[root@AONT: ONTUSER]# ls -lrt
[root@AONT: ONTUSER]# exit
Connection to 135.249.24.250 closed.
[ladmin@lab63102 TOOLS]$ rm -rf /home/ladmin/.ssh/known_hosts
[ladmin@lab63102 TOOLS]$ ssh -l ONTUSER 135.249.24.250 -p 50030
The authenticity of host '[135.249.24.250]:50030 ([135.249.24.250]:50030)' can't be established.
RSA key fingerprint is SHA256:2hSrW6emoLua3irlUU2XzS6Q2efOzotQ7rFHdzI2M6U.
RSA key fingerprint is MD5:1d:0b:26:e5:0c:f6:4a:54:9d:a3:43:d0:7f:ba:7b:38.
Are you sure you want to continue connecting (yes/no)? yes
Warning: Permanently added '[135.249.24.250]:50030' (RSA) to the list of known hosts.
Login fail count since last successful login: 0
ONTUSER@135.249.24.250's password: 
Last successful login date and time: Date:2023-08-25 Time:16:52:24

[root@AONT: ONTUSER]# ritool dump
the Format:01
the MfrID:ALCL
the Factorycode:02
the HardwareVersion:3FE46920AAAA
the ICS:01
the YPSerialNum:        B11C05F4
the CleiCode:BVMDZ00CRA
the Mnemonic:G-240W-F
the ProgDate:150516
the MACAddress:f8:44:e3:24:bc:50
the DeviceIDPref:0000
the SWImage:005e
the OnuMode:0003
the G984Serial:b11c05f4
the HWConfiguration:0000000000000000
the PartNumber:3FE46598AAAB
the OperatorID:ALCL
the SLID:00000000000000000000000000000000
the CountryID:01
the GroupID:00000000
[root@AONT: ONTUSER]# cat /etc/buildinfo
ONT_TYPE=g240wf
PON_MODE=GPON
SOFTWAREVERSION=HJK.K58p02
PRODUCTCLASS=g240wf
RELEASE=0.0.0
BUILDSTAMP=
BUILDDATE=20230825_0240
COPYRIGHT=NOKIA
WHOBUILD=buildmgr
IMAGEVERSION=3FE46606HJKK58
NODE=8ddd8196c50d2e69e5042c2015ea3de7a94836df
REPO=sw
SIGN=y
SIGNER=NCG
VOIP=sip
CONFIG_VOIP_SW=
CVP_REVISION=a8fd95aa964918d16f345dc2a02329e1b67f279d
SDK_VERSION=3.0
[root@AONT: ONTUSER]# cat /etc/buildinfo
ONT_TYPE=g240wf
PON_MODE=GPON
SOFTWAREVERSION=HJK.K58p02
PRODUCTCLASS=g240wf
RELEASE=0.0.0
BUILDSTAMP=
BUILDDATE=20230825_0240
COPYRIGHT=NOKIA
WHOBUILD=buildmgr
IMAGEVERSION=3FE46606HJKK58
NODE=8ddd8196c50d2e69e5042c2015ea3de7a94836df
REPO=sw
SIGN=y
SIGNER=NCG
VOIP=sip
CONFIG_VOIP_SW=
CVP_REVISION=a8fd95aa964918d16f345dc2a02329e1b67f279d
SDK_VERSION=3.0
[root@AONT: ONTUSER]# cfgcli dumpwan
==============================================================================================
instance type  en mode        Status(IPv4/IPv6)               IPv4Addr        Netmask         IPv4Gateway                    IPv4DNS                 IPv6Addr             Prefix         IPv6Gateway          IPv6DNS                Name
010101   dhcp   1  1     Connected/Unconfigured      192.93.1.10   255.255.255.0               -                              -                                       -                                           -                                       -                                                                               -   1_INTERNET_OTHER_R_VID_881
010201   dhcp   1  1     Connected/Unconfigured        20.0.0.10   255.255.255.0      20.0.0.201                       20.0.0.3                                       -                                           -                                       -                                                                               -     2_VOIP_INTERNET_R_VID_30
010301   dhcp   1  1  Disconnected/Unconfigured                -               -               -                              -                                       -                                           -                                       -                                                                               -         3_INTERNET_R_VID_981
==============================================================================================
[root@AONT: ONTUSER]# uptime
 11:17:18 up 1 day, 18:56, load average: 2.13, 2.99, 4.02
[root@AONT: ONTUSER]# free
              total         used         free       shared      buffers
  Mem:       252544       139588       112956         6852         7368
 Swap:            0            0            0
Total:       252544       139588       112956
[root@AONT: ONTUSER]# free
              total         used         free       shared      buffers
  Mem:       252544       139628       112916         6852         7368
 Swap:            0            0            0
Total:       252544       139628       112916
[root@AONT: ONTUSER]# free
              total         used         free       shared      buffers
  Mem:       252544       139304       113240         6852         7368
 Swap:            0            0            0
Total:       252544       139304       113240
[root@AONT: ONTUSER]# free
              total         used         free       shared      buffers
  Mem:       252544       139388       113156         6852         7368
 Swap:            0            0            0
Total:       252544       139388       113156
[root@AONT: ONTUSER]# cat /proc/meminfo
MemTotal:         252544 kB
MemFree:          112968 kB
MemAvailable:     160980 kB
Buffers:            7368 kB
Cached:            50708 kB
SwapCached:            0 kB
Active:            51832 kB
Inactive:          35456 kB
Active(anon):      33064 kB
Inactive(anon):     3000 kB
Active(file):      18768 kB
Inactive(file):    32456 kB
Unevictable:           0 kB
Mlocked:               0 kB
SwapTotal:             0 kB
SwapFree:              0 kB
Dirty:                 0 kB
Writeback:             0 kB
AnonPages:         29248 kB
Mapped:            32736 kB
Shmem:              6852 kB
Slab:              23884 kB
SReclaimable:       3604 kB
SUnreclaim:        20280 kB
KernelStack:        2896 kB
PageTables:         1196 kB
NFS_Unstable:          0 kB
Bounce:                0 kB
WritebackTmp:          0 kB
CommitLimit:      126272 kB
Committed_AS:     658056 kB
VmallocTotal:    1048372 kB
VmallocUsed:       14012 kB
VmallocChunk:     975396 kB
IMEM Remains:    22004 Bytes
[root@AONT: ONTUSER]# cat /proc/meminfo
MemTotal:         252544 kB
MemFree:          113136 kB
MemAvailable:     161152 kB
Buffers:            7368 kB
Cached:            50712 kB
SwapCached:            0 kB
Active:            51728 kB
Inactive:          35452 kB
Active(anon):      32956 kB
Inactive(anon):     2996 kB
Active(file):      18772 kB
Inactive(file):    32456 kB
Unevictable:           0 kB
Mlocked:               0 kB
SwapTotal:             0 kB
SwapFree:              0 kB
Dirty:                 8 kB
Writeback:             0 kB
AnonPages:         29140 kB
Mapped:            32684 kB
Shmem:              6852 kB
Slab:              23884 kB
SReclaimable:       3604 kB
SUnreclaim:        20280 kB
KernelStack:        2896 kB
PageTables:         1196 kB
NFS_Unstable:          0 kB
Bounce:                0 kB
WritebackTmp:          0 kB
CommitLimit:      126272 kB
Committed_AS:     657412 kB
VmallocTotal:    1048372 kB
VmallocUsed:       14012 kB
